@!@!@STARTMSG 2262:0 @!@!@
TLC2 Version 2.20 of Day Month 20?? (rev: bacd9d2)
@!@!@ENDMSG 2262 @!@!@
@!@!@STARTMSG 2187:0 @!@!@
Running breadth-first search Model-Checking with fp 12 and seed -8997217710308568239 with 1 worker on 8 cores with 5298MB heap and 64MB offheap memory [pid: 330876] (Linux 6.11.0-19-generic amd64, Ubuntu 21.0.6 x86_64, MSBDiskFPSet, DiskStateQueue).
@!@!@ENDMSG 2187 @!@!@
@!@!@STARTMSG 2220:0 @!@!@
Starting SANY...
@!@!@ENDMSG 2220 @!@!@
Parsing file /home/stariktenger/Internship2025/ta-models/benches/background_serial_comp/MC.tla
Parsing file /home/stariktenger/Internship2025/ta-models/lib/pipeline_ooo.tla
Parsing file /tmp/tlc-2876044023038843194/TLC.tla (jar:file:/home/stariktenger/.vscode/extensions/tlaplus.vscode-ide-2025.3.80550/tools/tla2tools.jar!/tla2sany/StandardModules/TLC.tla)
Parsing file /tmp/tlc-2876044023038843194/Sequences.tla (jar:file:/home/stariktenger/.vscode/extensions/tlaplus.vscode-ide-2025.3.80550/tools/tla2tools.jar!/tla2sany/StandardModules/Sequences.tla)
Parsing file /home/stariktenger/Internship2025/ta-models/lib/instructions_ooo.tla
Parsing file /tmp/tlc-2876044023038843194/Integers.tla (jar:file:/home/stariktenger/.vscode/extensions/tlaplus.vscode-ide-2025.3.80550/tools/tla2tools.jar!/tla2sany/StandardModules/Integers.tla)
Parsing file /tmp/tlc-2876044023038843194/FiniteSets.tla (jar:file:/home/stariktenger/.vscode/extensions/tlaplus.vscode-ide-2025.3.80550/tools/tla2tools.jar!/tla2sany/StandardModules/FiniteSets.tla)
Parsing file /home/stariktenger/Internship2025/ta-models/lib/TAExpl.tla
Parsing file /tmp/tlc-2876044023038843194/Naturals.tla (jar:file:/home/stariktenger/.vscode/extensions/tlaplus.vscode-ide-2025.3.80550/tools/tla2tools.jar!/tla2sany/StandardModules/Naturals.tla)
Parsing file /home/stariktenger/Internship2025/ta-models/lib/pipeline_exec_ooo.tla
Semantic processing of module Naturals
Semantic processing of module Sequences
Semantic processing of module Integers
Semantic processing of module FiniteSets
Semantic processing of module instructions_ooo
Semantic processing of module TLC
Semantic processing of module TAExpl
Semantic processing of module pipeline_exec_ooo
Semantic processing of module pipeline_ooo
Semantic processing of module MC
Semantic errors:

*** Errors: 3

line 49, col 1 to line 49, col 7 of module MC

Unknown operator: `NoTALoc'.


line 49, col 12 to line 49, col 16 of module MC

Unknown operator: `FULat'.


line 49, col 29 to line 49, col 34 of module MC

Unknown operator: `FULat2'.



@!@!@STARTMSG 2219:0 @!@!@
SANY finished.
@!@!@ENDMSG 2219 @!@!@
@!@!@STARTMSG 2185:0 @!@!@
Starting... (2025-03-12 19:00:41)
@!@!@ENDMSG 2185 @!@!@
@!@!@STARTMSG 3002:1 @!@!@
Parsing or semantic analysis failed.
@!@!@ENDMSG 3002 @!@!@
@!@!@STARTMSG 2186:0 @!@!@
Finished in 449ms at (2025-03-12 19:00:41)
@!@!@ENDMSG 2186 @!@!@
