@!@!@STARTMSG 2262:0 @!@!@
TLC2 Version 2.16 of 31 December 2020 (rev: cdddf55)
@!@!@ENDMSG 2262 @!@!@
@!@!@STARTMSG 2187:0 @!@!@
Running breadth-first search Model-Checking with fp 44 and seed -7552588182796142482 with 4 workers on 4 cores with 2274MB heap and 5113MB offheap memory [pid: 13710] (Linux 5.4.0-109-generic amd64, AdoptOpenJDK 14.0.1 x86_64, OffHeapDiskFPSet, DiskStateQueue).
@!@!@ENDMSG 2187 @!@!@
@!@!@STARTMSG 2220:0 @!@!@
Starting SANY...
@!@!@ENDMSG 2220 @!@!@
Parsing file /home/benjaminbinder/Documents/timing-anomalies/tla/OoO/pipeline_ooo.toolbox/TA_pattern/MC.tla
Parsing file /home/benjaminbinder/Documents/timing-anomalies/tla/OoO/pipeline_ooo.toolbox/TA_pattern/pipeline_ooo.tla
Parsing file /usr/tla_toolbox/plugins/org.lamport.tlatools_1.0.0.202012311918/tla2sany/StandardModules/TLC.tla
Parsing file /usr/tla_toolbox/plugins/org.lamport.tlatools_1.0.0.202012311918/tla2sany/StandardModules/Sequences.tla
Parsing file /home/benjaminbinder/Documents/timing-anomalies/tla/OoO/pipeline_ooo.toolbox/TA_pattern/instructions_ooo.tla
Parsing file /usr/tla_toolbox/plugins/org.lamport.tlatools_1.0.0.202012311918/tla2sany/StandardModules/Integers.tla
Parsing file /usr/tla_toolbox/plugins/org.lamport.tlatools_1.0.0.202012311918/tla2sany/StandardModules/FiniteSets.tla
Parsing file /home/benjaminbinder/Documents/timing-anomalies/tla/lib/TAExpl.tla
Parsing file /usr/tla_toolbox/plugins/org.lamport.tlatools_1.0.0.202012311918/tla2sany/StandardModules/Naturals.tla
Parsing file /home/benjaminbinder/Documents/timing-anomalies/tla/OoO/pipeline_ooo.toolbox/TA_pattern/pipeline_exec_ooo.tla
Semantic processing of module Naturals
Semantic processing of module Sequences
Semantic processing of module Integers
Semantic processing of module FiniteSets
Semantic processing of module instructions_ooo
Semantic processing of module TLC
Semantic processing of module TAExpl
Semantic processing of module pipeline_exec_ooo
Semantic processing of module pipeline_ooo
Semantic processing of module MC
@!@!@STARTMSG 2219:0 @!@!@
SANY finished.
@!@!@ENDMSG 2219 @!@!@
@!@!@STARTMSG 2185:0 @!@!@
Starting... (2022-08-15 20:17:08)
@!@!@ENDMSG 2185 @!@!@
@!@!@STARTMSG 2168:0 @!@!@
Loading InitOutputFile operator override from file:/home/benjaminbinder/Documents/timing-anomalies/tla/lib/TAExpl.class with signature: <Java Method: public static tlc2.value.impl.Value TAExpl.InitOutputFile(tlc2.value.impl.Value,tlc2.value.impl.Value,tlc2.value.impl.Value,tlc2.value.impl.Value,tlc2.value.impl.Value,tlc2.value.impl.Value,tlc2.value.impl.Value) throws java.io.IOException,java.lang.InterruptedException>.
@!@!@ENDMSG 2168 @!@!@
@!@!@STARTMSG 2168:0 @!@!@
Loading HasTA operator override from file:/home/benjaminbinder/Documents/timing-anomalies/tla/lib/TAExpl.class with signature: <Java Method: public static tlc2.value.impl.Value TAExpl.HasTA(tlc2.value.impl.Value,tlc2.value.impl.Value,tlc2.value.impl.Value,tlc2.value.impl.BoolValue) throws java.io.IOException,java.lang.InterruptedException>.
@!@!@ENDMSG 2168 @!@!@
<<"$!@$!@$!@$!@$!", 4>>
@!@!@STARTMSG 2189:0 @!@!@
Computing initial states...
@!@!@ENDMSG 2189 @!@!@
@!@!@STARTMSG 2190:0 @!@!@
Finished computing initial states: 1 distinct state generated at 2022-08-15 20:17:10.
@!@!@ENDMSG 2190 @!@!@
@!@!@STARTMSG 2110:1 @!@!@
Invariant inv_1660587427874337000 is violated.
@!@!@ENDMSG 2110 @!@!@
@!@!@STARTMSG 2121:1 @!@!@
The behavior up to this point is:
@!@!@ENDMSG 2121 @!@!@
@!@!@STARTMSG 2217:4 @!@!@
1: <Initial predicate>
/\ _RS2 = <<{}, {}>>
/\ _COM2 = << [ ind |-> 0,
     type |-> "No_OpClass",
     r0 |-> "",
     r1 |-> "",
     r2 |-> "",
     addr |-> "" ] >>
/\ _ID = << [ ind |-> 0,
     type |-> "No_OpClass",
     r0 |-> "",
     r1 |-> "",
     r2 |-> "",
     addr |-> "" ] >>
/\ _IF = << [ instr |->
         [ ind |-> 0,
           type |-> "No_OpClass",
           r0 |-> "",
           r1 |-> "",
           r2 |-> "",
           addr |-> "" ],
     baseLat |-> 1,
     currLat |-> 1 ] >>
/\ _FU2 = << [ instr |->
         [ ind |-> 0,
           type |-> "No_OpClass",
           r0 |-> "",
           r1 |-> "",
           r2 |-> "",
           addr |-> "" ],
     baseLat |-> 1,
     currLat |-> 1 ],
   [ instr |->
         [ ind |-> 0,
           type |-> "No_OpClass",
           r0 |-> "",
           r1 |-> "",
           r2 |-> "",
           addr |-> "" ],
     baseLat |-> 1,
     currLat |-> 1 ] >>
/\ _COM = << [ ind |-> 0,
     type |-> "No_OpClass",
     r0 |-> "",
     r1 |-> "",
     r2 |-> "",
     addr |-> "" ] >>
/\ exec_inst2 = 2
/\ _ID2 = << [ ind |-> 0,
     type |-> "No_OpClass",
     r0 |-> "",
     r1 |-> "",
     r2 |-> "",
     addr |-> "" ] >>
/\ graph = [nodes |-> <<>>, edges |-> {}]
/\ currCycle2 = 0
/\ _IF2 = << [ instr |->
         [ ind |-> 0,
           type |-> "No_OpClass",
           r0 |-> "",
           r1 |-> "",
           r2 |-> "",
           addr |-> "" ],
     baseLat |-> 1,
     currLat |-> 1 ] >>
/\ graph2 = [nodes |-> <<>>, edges |-> {}]
/\ pc2 = 0
/\ robHead = 1
/\ rob = <<>>
/\ _RS = <<{}, {}>>
/\ currCycle = 0
/\ exec_inst = 1
/\ robHead2 = 1
/\ pc = 0
/\ rob2 = <<>>
/\ _FU = << [ instr |->
         [ ind |-> 0,
           type |-> "No_OpClass",
           r0 |-> "",
           r1 |-> "",
           r2 |-> "",
           addr |-> "" ],
     baseLat |-> 1,
     currLat |-> 1 ],
   [ instr |->
         [ ind |-> 0,
           type |-> "No_OpClass",
           r0 |-> "",
           r1 |-> "",
           r2 |-> "",
           addr |-> "" ],
     baseLat |-> 1,
     currLat |-> 1 ] >>

@!@!@ENDMSG 2217 @!@!@
@!@!@STARTMSG 2217:4 @!@!@
2: <Next line 60, col 9 to line 61, col 21 of module pipeline_ooo>
/\ _RS2 = <<{}, {}>>
/\ _COM2 = << [ ind |-> 0,
     type |-> "No_OpClass",
     r0 |-> "",
     r1 |-> "",
     r2 |-> "",
     addr |-> "" ] >>
/\ _ID = << [ ind |-> 0,
     type |-> "No_OpClass",
     r0 |-> "",
     r1 |-> "",
     r2 |-> "",
     addr |-> "" ] >>
/\ _IF = << [ instr |->
         [ ind |-> 1,
           type |-> "MemRead",
           r0 |-> "ra",
           r1 |-> "",
           r2 |-> "",
           addr |-> "0x1" ],
     baseLat |-> 1,
     currLat |-> 1 ] >>
/\ _FU2 = << [ instr |->
         [ ind |-> 0,
           type |-> "No_OpClass",
           r0 |-> "",
           r1 |-> "",
           r2 |-> "",
           addr |-> "" ],
     baseLat |-> 1,
     currLat |-> 1 ],
   [ instr |->
         [ ind |-> 0,
           type |-> "No_OpClass",
           r0 |-> "",
           r1 |-> "",
           r2 |-> "",
           addr |-> "" ],
     baseLat |-> 1,
     currLat |-> 1 ] >>
/\ _COM = << [ ind |-> 0,
     type |-> "No_OpClass",
     r0 |-> "",
     r1 |-> "",
     r2 |-> "",
     addr |-> "" ] >>
/\ exec_inst2 = 2
/\ _ID2 = << [ ind |-> 0,
     type |-> "No_OpClass",
     r0 |-> "",
     r1 |-> "",
     r2 |-> "",
     addr |-> "" ] >>
/\ graph = [nodes |-> <<>>, edges |-> {}]
/\ currCycle2 = 1
/\ _IF2 = << [ instr |->
         [ ind |-> 1,
           type |-> "MemRead",
           r0 |-> "ra",
           r1 |-> "",
           r2 |-> "",
           addr |-> "0x1" ],
     baseLat |-> 1,
     currLat |-> 1 ] >>
/\ graph2 = [nodes |-> <<>>, edges |-> {}]
/\ pc2 = 1
/\ robHead = 1
/\ rob = <<>>
/\ _RS = <<{}, {}>>
/\ currCycle = 1
/\ exec_inst = 1
/\ robHead2 = 1
/\ pc = 1
/\ rob2 = <<>>
/\ _FU = << [ instr |->
         [ ind |-> 0,
           type |-> "No_OpClass",
           r0 |-> "",
           r1 |-> "",
           r2 |-> "",
           addr |-> "" ],
     baseLat |-> 1,
     currLat |-> 1 ],
   [ instr |->
         [ ind |-> 0,
           type |-> "No_OpClass",
           r0 |-> "",
           r1 |-> "",
           r2 |-> "",
           addr |-> "" ],
     baseLat |-> 1,
     currLat |-> 1 ] >>

@!@!@ENDMSG 2217 @!@!@
@!@!@STARTMSG 2217:4 @!@!@
3: <Next line 60, col 9 to line 61, col 21 of module pipeline_ooo>
/\ _RS2 = <<{}, {}>>
/\ _COM2 = << [ ind |-> 0,
     type |-> "No_OpClass",
     r0 |-> "",
     r1 |-> "",
     r2 |-> "",
     addr |-> "" ] >>
/\ _ID = << [ ind |-> 1,
     type |-> "MemRead",
     r0 |-> "ra",
     r1 |-> "",
     r2 |-> "",
     addr |-> "0x1" ] >>
/\ _IF = << [ instr |->
         [ ind |-> 2,
           type |-> "IntAlu",
           r0 |-> "",
           r1 |-> "ra",
           r2 |-> "",
           addr |-> "0x2" ],
     baseLat |-> 1,
     currLat |-> 1 ] >>
/\ _FU2 = << [ instr |->
         [ ind |-> 0,
           type |-> "No_OpClass",
           r0 |-> "",
           r1 |-> "",
           r2 |-> "",
           addr |-> "" ],
     baseLat |-> 1,
     currLat |-> 1 ],
   [ instr |->
         [ ind |-> 0,
           type |-> "No_OpClass",
           r0 |-> "",
           r1 |-> "",
           r2 |-> "",
           addr |-> "" ],
     baseLat |-> 1,
     currLat |-> 1 ] >>
/\ _COM = << [ ind |-> 0,
     type |-> "No_OpClass",
     r0 |-> "",
     r1 |-> "",
     r2 |-> "",
     addr |-> "" ] >>
/\ exec_inst2 = 2
/\ _ID2 = << [ ind |-> 1,
     type |-> "MemRead",
     r0 |-> "ra",
     r1 |-> "",
     r2 |-> "",
     addr |-> "0x1" ] >>
/\ graph = [ nodes |->
      << [ ind |-> 1,
           addr |-> "0x1",
           IFacq |-> 1,
           IFrel |-> 2,
           IDacq |-> 0,
           IDrel |-> 0,
           FUacq |-> 0,
           FUrel |-> 0,
           COM |-> 0,
           ROB |-> 0,
           RS |-> 0,
           FU |-> 0 ] >>,
  edges |-> {} ]
/\ currCycle2 = 2
/\ _IF2 = << [ instr |->
         [ ind |-> 2,
           type |-> "IntAlu",
           r0 |-> "",
           r1 |-> "ra",
           r2 |-> "",
           addr |-> "0x2" ],
     baseLat |-> 1,
     currLat |-> 1 ] >>
/\ graph2 = [ nodes |->
      << [ ind |-> 1,
           addr |-> "0x1",
           IFacq |-> 1,
           IFrel |-> 2,
           IDacq |-> 0,
           IDrel |-> 0,
           FUacq |-> 0,
           FUrel |-> 0,
           COM |-> 0,
           ROB |-> 0,
           RS |-> 0,
           FU |-> 0 ] >>,
  edges |-> {} ]
/\ pc2 = 2
/\ robHead = 1
/\ rob = <<>>
/\ _RS = <<{}, {}>>
/\ currCycle = 2
/\ exec_inst = 1
/\ robHead2 = 1
/\ pc = 2
/\ rob2 = <<>>
/\ _FU = << [ instr |->
         [ ind |-> 0,
           type |-> "No_OpClass",
           r0 |-> "",
           r1 |-> "",
           r2 |-> "",
           addr |-> "" ],
     baseLat |-> 1,
     currLat |-> 1 ],
   [ instr |->
         [ ind |-> 0,
           type |-> "No_OpClass",
           r0 |-> "",
           r1 |-> "",
           r2 |-> "",
           addr |-> "" ],
     baseLat |-> 1,
     currLat |-> 1 ] >>

@!@!@ENDMSG 2217 @!@!@
@!@!@STARTMSG 2217:4 @!@!@
4: <Next line 60, col 9 to line 61, col 21 of module pipeline_ooo>
/\ _RS2 = <<{}, {}>>
/\ _COM2 = << [ ind |-> 0,
     type |-> "No_OpClass",
     r0 |-> "",
     r1 |-> "",
     r2 |-> "",
     addr |-> "" ] >>
/\ _ID = << [ ind |-> 2,
     type |-> "IntAlu",
     r0 |-> "",
     r1 |-> "ra",
     r2 |-> "",
     addr |-> "0x2" ] >>
/\ _IF = << [ instr |->
         [ ind |-> 3,
           type |-> "IntAlu",
           r0 |-> "rb",
           r1 |-> "",
           r2 |-> "",
           addr |-> "0x3" ],
     baseLat |-> 1,
     currLat |-> 1 ] >>
/\ _FU2 = << [ instr |->
         [ ind |-> 0,
           type |-> "No_OpClass",
           r0 |-> "",
           r1 |-> "",
           r2 |-> "",
           addr |-> "" ],
     baseLat |-> 1,
     currLat |-> 1 ],
   [ instr |->
         [ ind |-> 1,
           type |-> "MemRead",
           r0 |-> "ra",
           r1 |-> "",
           r2 |-> "",
           addr |-> "0x1" ],
     baseLat |-> 1,
     currLat |-> 1 ] >>
/\ _COM = << [ ind |-> 0,
     type |-> "No_OpClass",
     r0 |-> "",
     r1 |-> "",
     r2 |-> "",
     addr |-> "" ] >>
/\ exec_inst2 = 2
/\ _ID2 = << [ ind |-> 2,
     type |-> "IntAlu",
     r0 |-> "",
     r1 |-> "ra",
     r2 |-> "",
     addr |-> "0x2" ] >>
/\ graph = [ nodes |->
      << [ ind |-> 1,
           addr |-> "0x1",
           IFacq |-> 1,
           IFrel |-> 2,
           IDacq |-> 2,
           IDrel |-> 3,
           FUacq |-> 0,
           FUrel |-> 0,
           COM |-> 0,
           ROB |-> 2,
           RS |-> 2,
           FU |-> 0 ],
         [ ind |-> 2,
           addr |-> "0x2",
           IFacq |-> 2,
           IFrel |-> 3,
           IDacq |-> 0,
           IDrel |-> 0,
           FUacq |-> 0,
           FUrel |-> 0,
           COM |-> 0,
           ROB |-> 0,
           RS |-> 0,
           FU |-> 0 ] >>,
  edges |-> {} ]
/\ currCycle2 = 3
/\ _IF2 = << [ instr |->
         [ ind |-> 3,
           type |-> "IntAlu",
           r0 |-> "rb",
           r1 |-> "",
           r2 |-> "",
           addr |-> "0x3" ],
     baseLat |-> 1,
     currLat |-> 1 ] >>
/\ graph2 = [ nodes |->
      << [ ind |-> 1,
           addr |-> "0x1",
           IFacq |-> 1,
           IFrel |-> 2,
           IDacq |-> 2,
           IDrel |-> 3,
           FUacq |-> 0,
           FUrel |-> 0,
           COM |-> 0,
           ROB |-> 2,
           RS |-> 2,
           FU |-> 0 ],
         [ ind |-> 2,
           addr |-> "0x2",
           IFacq |-> 2,
           IFrel |-> 3,
           IDacq |-> 0,
           IDrel |-> 0,
           FUacq |-> 0,
           FUrel |-> 0,
           COM |-> 0,
           ROB |-> 0,
           RS |-> 0,
           FU |-> 0 ] >>,
  edges |-> {} ]
/\ pc2 = 3
/\ robHead = 1
/\ rob = << [ instr |->
         [ ind |-> 1,
           type |-> "MemRead",
           r0 |-> "ra",
           r1 |-> "",
           r2 |-> "",
           addr |-> "0x1" ],
     executed |-> FALSE,
     done |-> FALSE ] >>
/\ _RS = <<{}, {}>>
/\ currCycle = 3
/\ exec_inst = 1
/\ robHead2 = 1
/\ pc = 3
/\ rob2 = << [ instr |->
         [ ind |-> 1,
           type |-> "MemRead",
           r0 |-> "ra",
           r1 |-> "",
           r2 |-> "",
           addr |-> "0x1" ],
     executed |-> FALSE,
     done |-> FALSE ] >>
/\ _FU = << [ instr |->
         [ ind |-> 0,
           type |-> "No_OpClass",
           r0 |-> "",
           r1 |-> "",
           r2 |-> "",
           addr |-> "" ],
     baseLat |-> 1,
     currLat |-> 1 ],
   [ instr |->
         [ ind |-> 1,
           type |-> "MemRead",
           r0 |-> "ra",
           r1 |-> "",
           r2 |-> "",
           addr |-> "0x1" ],
     baseLat |-> 3,
     currLat |-> 1 ] >>

@!@!@ENDMSG 2217 @!@!@
@!@!@STARTMSG 2217:4 @!@!@
5: <Next line 60, col 9 to line 61, col 21 of module pipeline_ooo>
/\ _RS2 = <<{}, {}>>
/\ _COM2 = << [ ind |-> 1,
     type |-> "MemRead",
     r0 |-> "ra",
     r1 |-> "",
     r2 |-> "",
     addr |-> "0x1" ] >>
/\ _ID = << [ ind |-> 3,
     type |-> "IntAlu",
     r0 |-> "rb",
     r1 |-> "",
     r2 |-> "",
     addr |-> "0x3" ] >>
/\ _IF = << [ instr |->
         [ ind |-> 4,
           type |-> "MemWrite",
           r0 |-> "",
           r1 |-> "rb",
           r2 |-> "",
           addr |-> "0x4" ],
     baseLat |-> 1,
     currLat |-> 1 ] >>
/\ _FU2 = << [ instr |->
         [ ind |-> 2,
           type |-> "IntAlu",
           r0 |-> "",
           r1 |-> "ra",
           r2 |-> "",
           addr |-> "0x2" ],
     baseLat |-> 3,
     currLat |-> 1 ],
   [ instr |->
         [ ind |-> 0,
           type |-> "No_OpClass",
           r0 |-> "",
           r1 |-> "",
           r2 |-> "",
           addr |-> "" ],
     baseLat |-> 1,
     currLat |-> 1 ] >>
/\ _COM = << [ ind |-> 0,
     type |-> "No_OpClass",
     r0 |-> "",
     r1 |-> "",
     r2 |-> "",
     addr |-> "" ] >>
/\ exec_inst2 = 2
/\ _ID2 = << [ ind |-> 3,
     type |-> "IntAlu",
     r0 |-> "rb",
     r1 |-> "",
     r2 |-> "",
     addr |-> "0x3" ] >>
/\ graph = [ nodes |->
      << [ ind |-> 1,
           addr |-> "0x1",
           IFacq |-> 1,
           IFrel |-> 2,
           IDacq |-> 2,
           IDrel |-> 3,
           FUacq |-> 3,
           FUrel |-> 0,
           COM |-> 0,
           ROB |-> 2,
           RS |-> 2,
           FU |-> 2 ],
         [ ind |-> 2,
           addr |-> "0x2",
           IFacq |-> 2,
           IFrel |-> 3,
           IDacq |-> 3,
           IDrel |-> 4,
           FUacq |-> 0,
           FUrel |-> 0,
           COM |-> 0,
           ROB |-> 3,
           RS |-> 3,
           FU |-> 0 ],
         [ ind |-> 3,
           addr |-> "0x3",
           IFacq |-> 3,
           IFrel |-> 4,
           IDacq |-> 0,
           IDrel |-> 0,
           FUacq |-> 0,
           FUrel |-> 0,
           COM |-> 0,
           ROB |-> 0,
           RS |-> 0,
           FU |-> 0 ] >>,
  edges |-> {} ]
/\ currCycle2 = 4
/\ _IF2 = << [ instr |->
         [ ind |-> 4,
           type |-> "MemWrite",
           r0 |-> "",
           r1 |-> "rb",
           r2 |-> "",
           addr |-> "0x4" ],
     baseLat |-> 1,
     currLat |-> 1 ] >>
/\ graph2 = [ nodes |->
      << [ ind |-> 1,
           addr |-> "0x1",
           IFacq |-> 1,
           IFrel |-> 2,
           IDacq |-> 2,
           IDrel |-> 3,
           FUacq |-> 3,
           FUrel |-> 4,
           COM |-> 0,
           ROB |-> 2,
           RS |-> 2,
           FU |-> 2 ],
         [ ind |-> 2,
           addr |-> "0x2",
           IFacq |-> 2,
           IFrel |-> 3,
           IDacq |-> 3,
           IDrel |-> 4,
           FUacq |-> 0,
           FUrel |-> 0,
           COM |-> 0,
           ROB |-> 3,
           RS |-> 3,
           FU |-> 0 ],
         [ ind |-> 3,
           addr |-> "0x3",
           IFacq |-> 3,
           IFrel |-> 4,
           IDacq |-> 0,
           IDrel |-> 0,
           FUacq |-> 0,
           FUrel |-> 0,
           COM |-> 0,
           ROB |-> 0,
           RS |-> 0,
           FU |-> 0 ] >>,
  edges |-> {} ]
/\ pc2 = 4
/\ robHead = 1
/\ rob = << [ instr |->
         [ ind |-> 1,
           type |-> "MemRead",
           r0 |-> "ra",
           r1 |-> "",
           r2 |-> "",
           addr |-> "0x1" ],
     executed |-> FALSE,
     done |-> FALSE ],
   [ instr |->
         [ ind |-> 2,
           type |-> "IntAlu",
           r0 |-> "",
           r1 |-> "ra",
           r2 |-> "",
           addr |-> "0x2" ],
     executed |-> FALSE,
     done |-> FALSE ] >>
/\ _RS = << { [ ind |-> 2,
       type |-> "IntAlu",
       r0 |-> "",
       r1 |-> "ra",
       r2 |-> "",
       addr |-> "0x2" ] },
   {} >>
/\ currCycle = 4
/\ exec_inst = 1
/\ robHead2 = 1
/\ pc = 4
/\ rob2 = << [ instr |->
         [ ind |-> 1,
           type |-> "MemRead",
           r0 |-> "ra",
           r1 |-> "",
           r2 |-> "",
           addr |-> "0x1" ],
     executed |-> TRUE,
     done |-> FALSE ],
   [ instr |->
         [ ind |-> 2,
           type |-> "IntAlu",
           r0 |-> "",
           r1 |-> "ra",
           r2 |-> "",
           addr |-> "0x2" ],
     executed |-> FALSE,
     done |-> FALSE ] >>
/\ _FU = << [ instr |->
         [ ind |-> 0,
           type |-> "No_OpClass",
           r0 |-> "",
           r1 |-> "",
           r2 |-> "",
           addr |-> "" ],
     baseLat |-> 1,
     currLat |-> 1 ],
   [ instr |->
         [ ind |-> 1,
           type |-> "MemRead",
           r0 |-> "ra",
           r1 |-> "",
           r2 |-> "",
           addr |-> "0x1" ],
     baseLat |-> 3,
     currLat |-> 2 ] >>

@!@!@ENDMSG 2217 @!@!@
@!@!@STARTMSG 2217:4 @!@!@
6: <Next line 60, col 9 to line 61, col 21 of module pipeline_ooo>
/\ _RS2 = << { [ ind |-> 3,
       type |-> "IntAlu",
       r0 |-> "rb",
       r1 |-> "",
       r2 |-> "",
       addr |-> "0x3" ] },
   {} >>
/\ _COM2 = << [ ind |-> 0,
     type |-> "No_OpClass",
     r0 |-> "",
     r1 |-> "",
     r2 |-> "",
     addr |-> "" ] >>
/\ _ID = << [ ind |-> 4,
     type |-> "MemWrite",
     r0 |-> "",
     r1 |-> "rb",
     r2 |-> "",
     addr |-> "0x4" ] >>
/\ _IF = << [ instr |->
         [ ind |-> 0,
           type |-> "No_OpClass",
           r0 |-> "",
           r1 |-> "",
           r2 |-> "",
           addr |-> "" ],
     baseLat |-> 1,
     currLat |-> 1 ] >>
/\ _FU2 = << [ instr |->
         [ ind |-> 2,
           type |-> "IntAlu",
           r0 |-> "",
           r1 |-> "ra",
           r2 |-> "",
           addr |-> "0x2" ],
     baseLat |-> 3,
     currLat |-> 2 ],
   [ instr |->
         [ ind |-> 0,
           type |-> "No_OpClass",
           r0 |-> "",
           r1 |-> "",
           r2 |-> "",
           addr |-> "" ],
     baseLat |-> 1,
     currLat |-> 1 ] >>
/\ _COM = << [ ind |-> 0,
     type |-> "No_OpClass",
     r0 |-> "",
     r1 |-> "",
     r2 |-> "",
     addr |-> "" ] >>
/\ exec_inst2 = 2
/\ _ID2 = << [ ind |-> 4,
     type |-> "MemWrite",
     r0 |-> "",
     r1 |-> "rb",
     r2 |-> "",
     addr |-> "0x4" ] >>
/\ graph = [ nodes |->
      << [ ind |-> 1,
           addr |-> "0x1",
           IFacq |-> 1,
           IFrel |-> 2,
           IDacq |-> 2,
           IDrel |-> 3,
           FUacq |-> 3,
           FUrel |-> 0,
           COM |-> 0,
           ROB |-> 2,
           RS |-> 2,
           FU |-> 2 ],
         [ ind |-> 2,
           addr |-> "0x2",
           IFacq |-> 2,
           IFrel |-> 3,
           IDacq |-> 3,
           IDrel |-> 4,
           FUacq |-> 0,
           FUrel |-> 0,
           COM |-> 0,
           ROB |-> 3,
           RS |-> 3,
           FU |-> 0 ],
         [ ind |-> 3,
           addr |-> "0x3",
           IFacq |-> 3,
           IFrel |-> 4,
           IDacq |-> 4,
           IDrel |-> 5,
           FUacq |-> 0,
           FUrel |-> 0,
           COM |-> 0,
           ROB |-> 4,
           RS |-> 4,
           FU |-> 0 ],
         [ ind |-> 4,
           addr |-> "0x4",
           IFacq |-> 4,
           IFrel |-> 5,
           IDacq |-> 0,
           IDrel |-> 0,
           FUacq |-> 0,
           FUrel |-> 0,
           COM |-> 0,
           ROB |-> 0,
           RS |-> 0,
           FU |-> 0 ] >>,
  edges |-> {} ]
/\ currCycle2 = 5
/\ _IF2 = << [ instr |->
         [ ind |-> 0,
           type |-> "No_OpClass",
           r0 |-> "",
           r1 |-> "",
           r2 |-> "",
           addr |-> "" ],
     baseLat |-> 1,
     currLat |-> 1 ] >>
/\ graph2 = [ nodes |->
      << [ ind |-> 1,
           addr |-> "0x1",
           IFacq |-> 1,
           IFrel |-> 2,
           IDacq |-> 2,
           IDrel |-> 3,
           FUacq |-> 3,
           FUrel |-> 4,
           COM |-> 4,
           ROB |-> 2,
           RS |-> 2,
           FU |-> 2 ],
         [ ind |-> 2,
           addr |-> "0x2",
           IFacq |-> 2,
           IFrel |-> 3,
           IDacq |-> 3,
           IDrel |-> 4,
           FUacq |-> 4,
           FUrel |-> 0,
           COM |-> 0,
           ROB |-> 3,
           RS |-> 3,
           FU |-> 1 ],
         [ ind |-> 3,
           addr |-> "0x3",
           IFacq |-> 3,
           IFrel |-> 4,
           IDacq |-> 4,
           IDrel |-> 5,
           FUacq |-> 0,
           FUrel |-> 0,
           COM |-> 0,
           ROB |-> 4,
           RS |-> 4,
           FU |-> 0 ],
         [ ind |-> 4,
           addr |-> "0x4",
           IFacq |-> 4,
           IFrel |-> 5,
           IDacq |-> 0,
           IDrel |-> 0,
           FUacq |-> 0,
           FUrel |-> 0,
           COM |-> 0,
           ROB |-> 0,
           RS |-> 0,
           FU |-> 0 ] >>,
  edges |-> {[type |-> "D", source |-> 1, dest |-> 2]} ]
/\ pc2 = 4
/\ robHead = 1
/\ rob = << [ instr |->
         [ ind |-> 1,
           type |-> "MemRead",
           r0 |-> "ra",
           r1 |-> "",
           r2 |-> "",
           addr |-> "0x1" ],
     executed |-> FALSE,
     done |-> FALSE ],
   [ instr |->
         [ ind |-> 2,
           type |-> "IntAlu",
           r0 |-> "",
           r1 |-> "ra",
           r2 |-> "",
           addr |-> "0x2" ],
     executed |-> FALSE,
     done |-> FALSE ],
   [ instr |->
         [ ind |-> 3,
           type |-> "IntAlu",
           r0 |-> "rb",
           r1 |-> "",
           r2 |-> "",
           addr |-> "0x3" ],
     executed |-> FALSE,
     done |-> FALSE ] >>
/\ _RS = << { [ ind |-> 2,
       type |-> "IntAlu",
       r0 |-> "",
       r1 |-> "ra",
       r2 |-> "",
       addr |-> "0x2" ] },
   {} >>
/\ currCycle = 5
/\ exec_inst = 1
/\ robHead2 = 2
/\ pc = 4
/\ rob2 = << [ instr |->
         [ ind |-> 1,
           type |-> "MemRead",
           r0 |-> "ra",
           r1 |-> "",
           r2 |-> "",
           addr |-> "0x1" ],
     executed |-> TRUE,
     done |-> TRUE ],
   [ instr |->
         [ ind |-> 2,
           type |-> "IntAlu",
           r0 |-> "",
           r1 |-> "ra",
           r2 |-> "",
           addr |-> "0x2" ],
     executed |-> FALSE,
     done |-> FALSE ],
   [ instr |->
         [ ind |-> 3,
           type |-> "IntAlu",
           r0 |-> "rb",
           r1 |-> "",
           r2 |-> "",
           addr |-> "0x3" ],
     executed |-> FALSE,
     done |-> FALSE ] >>
/\ _FU = << [ instr |->
         [ ind |-> 3,
           type |-> "IntAlu",
           r0 |-> "rb",
           r1 |-> "",
           r2 |-> "",
           addr |-> "0x3" ],
     baseLat |-> 3,
     currLat |-> 1 ],
   [ instr |->
         [ ind |-> 1,
           type |-> "MemRead",
           r0 |-> "ra",
           r1 |-> "",
           r2 |-> "",
           addr |-> "0x1" ],
     baseLat |-> 3,
     currLat |-> 3 ] >>

@!@!@ENDMSG 2217 @!@!@
@!@!@STARTMSG 2217:4 @!@!@
7: <Next line 60, col 9 to line 61, col 21 of module pipeline_ooo>
/\ _RS2 = << { [ ind |-> 3,
       type |-> "IntAlu",
       r0 |-> "rb",
       r1 |-> "",
       r2 |-> "",
       addr |-> "0x3" ] },
   { [ ind |-> 4,
       type |-> "MemWrite",
       r0 |-> "",
       r1 |-> "rb",
       r2 |-> "",
       addr |-> "0x4" ] } >>
/\ _COM2 = << [ ind |-> 0,
     type |-> "No_OpClass",
     r0 |-> "",
     r1 |-> "",
     r2 |-> "",
     addr |-> "" ] >>
/\ _ID = << [ ind |-> 0,
     type |-> "No_OpClass",
     r0 |-> "",
     r1 |-> "",
     r2 |-> "",
     addr |-> "" ] >>
/\ _IF = << [ instr |->
         [ ind |-> 0,
           type |-> "No_OpClass",
           r0 |-> "",
           r1 |-> "",
           r2 |-> "",
           addr |-> "" ],
     baseLat |-> 1,
     currLat |-> 1 ] >>
/\ _FU2 = << [ instr |->
         [ ind |-> 2,
           type |-> "IntAlu",
           r0 |-> "",
           r1 |-> "ra",
           r2 |-> "",
           addr |-> "0x2" ],
     baseLat |-> 3,
     currLat |-> 3 ],
   [ instr |->
         [ ind |-> 0,
           type |-> "No_OpClass",
           r0 |-> "",
           r1 |-> "",
           r2 |-> "",
           addr |-> "" ],
     baseLat |-> 1,
     currLat |-> 1 ] >>
/\ _COM = << [ ind |-> 1,
     type |-> "MemRead",
     r0 |-> "ra",
     r1 |-> "",
     r2 |-> "",
     addr |-> "0x1" ] >>
/\ exec_inst2 = 2
/\ _ID2 = << [ ind |-> 0,
     type |-> "No_OpClass",
     r0 |-> "",
     r1 |-> "",
     r2 |-> "",
     addr |-> "" ] >>
/\ graph = [ nodes |->
      << [ ind |-> 1,
           addr |-> "0x1",
           IFacq |-> 1,
           IFrel |-> 2,
           IDacq |-> 2,
           IDrel |-> 3,
           FUacq |-> 3,
           FUrel |-> 6,
           COM |-> 0,
           ROB |-> 2,
           RS |-> 2,
           FU |-> 2 ],
         [ ind |-> 2,
           addr |-> "0x2",
           IFacq |-> 2,
           IFrel |-> 3,
           IDacq |-> 3,
           IDrel |-> 4,
           FUacq |-> 0,
           FUrel |-> 0,
           COM |-> 0,
           ROB |-> 3,
           RS |-> 3,
           FU |-> 0 ],
         [ ind |-> 3,
           addr |-> "0x3",
           IFacq |-> 3,
           IFrel |-> 4,
           IDacq |-> 4,
           IDrel |-> 5,
           FUacq |-> 5,
           FUrel |-> 0,
           COM |-> 0,
           ROB |-> 4,
           RS |-> 4,
           FU |-> 1 ],
         [ ind |-> 4,
           addr |-> "0x4",
           IFacq |-> 4,
           IFrel |-> 5,
           IDacq |-> 5,
           IDrel |-> 6,
           FUacq |-> 0,
           FUrel |-> 0,
           COM |-> 0,
           ROB |-> 5,
           RS |-> 5,
           FU |-> 0 ] >>,
  edges |-> {} ]
/\ currCycle2 = 6
/\ _IF2 = << [ instr |->
         [ ind |-> 0,
           type |-> "No_OpClass",
           r0 |-> "",
           r1 |-> "",
           r2 |-> "",
           addr |-> "" ],
     baseLat |-> 1,
     currLat |-> 1 ] >>
/\ graph2 = [ nodes |->
      << [ ind |-> 1,
           addr |-> "0x1",
           IFacq |-> 1,
           IFrel |-> 2,
           IDacq |-> 2,
           IDrel |-> 3,
           FUacq |-> 3,
           FUrel |-> 4,
           COM |-> 4,
           ROB |-> 2,
           RS |-> 2,
           FU |-> 2 ],
         [ ind |-> 2,
           addr |-> "0x2",
           IFacq |-> 2,
           IFrel |-> 3,
           IDacq |-> 3,
           IDrel |-> 4,
           FUacq |-> 4,
           FUrel |-> 0,
           COM |-> 0,
           ROB |-> 3,
           RS |-> 3,
           FU |-> 1 ],
         [ ind |-> 3,
           addr |-> "0x3",
           IFacq |-> 3,
           IFrel |-> 4,
           IDacq |-> 4,
           IDrel |-> 5,
           FUacq |-> 0,
           FUrel |-> 0,
           COM |-> 0,
           ROB |-> 4,
           RS |-> 4,
           FU |-> 0 ],
         [ ind |-> 4,
           addr |-> "0x4",
           IFacq |-> 4,
           IFrel |-> 5,
           IDacq |-> 5,
           IDrel |-> 6,
           FUacq |-> 0,
           FUrel |-> 0,
           COM |-> 0,
           ROB |-> 5,
           RS |-> 5,
           FU |-> 0 ] >>,
  edges |-> {[type |-> "D", source |-> 1, dest |-> 2]} ]
/\ pc2 = 4
/\ robHead = 1
/\ rob = << [ instr |->
         [ ind |-> 1,
           type |-> "MemRead",
           r0 |-> "ra",
           r1 |-> "",
           r2 |-> "",
           addr |-> "0x1" ],
     executed |-> TRUE,
     done |-> FALSE ],
   [ instr |->
         [ ind |-> 2,
           type |-> "IntAlu",
           r0 |-> "",
           r1 |-> "ra",
           r2 |-> "",
           addr |-> "0x2" ],
     executed |-> FALSE,
     done |-> FALSE ],
   [ instr |->
         [ ind |-> 3,
           type |-> "IntAlu",
           r0 |-> "rb",
           r1 |-> "",
           r2 |-> "",
           addr |-> "0x3" ],
     executed |-> FALSE,
     done |-> FALSE ],
   [ instr |->
         [ ind |-> 4,
           type |-> "MemWrite",
           r0 |-> "",
           r1 |-> "rb",
           r2 |-> "",
           addr |-> "0x4" ],
     executed |-> FALSE,
     done |-> FALSE ] >>
/\ _RS = << { [ ind |-> 2,
       type |-> "IntAlu",
       r0 |-> "",
       r1 |-> "ra",
       r2 |-> "",
       addr |-> "0x2" ] },
   { [ ind |-> 4,
       type |-> "MemWrite",
       r0 |-> "",
       r1 |-> "rb",
       r2 |-> "",
       addr |-> "0x4" ] } >>
/\ currCycle = 6
/\ exec_inst = 1
/\ robHead2 = 2
/\ pc = 4
/\ rob2 = << [ instr |->
         [ ind |-> 1,
           type |-> "MemRead",
           r0 |-> "ra",
           r1 |-> "",
           r2 |-> "",
           addr |-> "0x1" ],
     executed |-> TRUE,
     done |-> TRUE ],
   [ instr |->
         [ ind |-> 2,
           type |-> "IntAlu",
           r0 |-> "",
           r1 |-> "ra",
           r2 |-> "",
           addr |-> "0x2" ],
     executed |-> FALSE,
     done |-> FALSE ],
   [ instr |->
         [ ind |-> 3,
           type |-> "IntAlu",
           r0 |-> "rb",
           r1 |-> "",
           r2 |-> "",
           addr |-> "0x3" ],
     executed |-> FALSE,
     done |-> FALSE ],
   [ instr |->
         [ ind |-> 4,
           type |-> "MemWrite",
           r0 |-> "",
           r1 |-> "rb",
           r2 |-> "",
           addr |-> "0x4" ],
     executed |-> FALSE,
     done |-> FALSE ] >>
/\ _FU = << [ instr |->
         [ ind |-> 3,
           type |-> "IntAlu",
           r0 |-> "rb",
           r1 |-> "",
           r2 |-> "",
           addr |-> "0x3" ],
     baseLat |-> 3,
     currLat |-> 2 ],
   [ instr |->
         [ ind |-> 0,
           type |-> "No_OpClass",
           r0 |-> "",
           r1 |-> "",
           r2 |-> "",
           addr |-> "" ],
     baseLat |-> 1,
     currLat |-> 1 ] >>

@!@!@ENDMSG 2217 @!@!@
@!@!@STARTMSG 2217:4 @!@!@
8: <Next line 60, col 9 to line 61, col 21 of module pipeline_ooo>
/\ _RS2 = << {},
   { [ ind |-> 4,
       type |-> "MemWrite",
       r0 |-> "",
       r1 |-> "rb",
       r2 |-> "",
       addr |-> "0x4" ] } >>
/\ _COM2 = << [ ind |-> 2,
     type |-> "IntAlu",
     r0 |-> "",
     r1 |-> "ra",
     r2 |-> "",
     addr |-> "0x2" ] >>
/\ _ID = << [ ind |-> 0,
     type |-> "No_OpClass",
     r0 |-> "",
     r1 |-> "",
     r2 |-> "",
     addr |-> "" ] >>
/\ _IF = << [ instr |->
         [ ind |-> 0,
           type |-> "No_OpClass",
           r0 |-> "",
           r1 |-> "",
           r2 |-> "",
           addr |-> "" ],
     baseLat |-> 1,
     currLat |-> 1 ] >>
/\ _FU2 = << [ instr |->
         [ ind |-> 3,
           type |-> "IntAlu",
           r0 |-> "rb",
           r1 |-> "",
           r2 |-> "",
           addr |-> "0x3" ],
     baseLat |-> 3,
     currLat |-> 1 ],
   [ instr |->
         [ ind |-> 0,
           type |-> "No_OpClass",
           r0 |-> "",
           r1 |-> "",
           r2 |-> "",
           addr |-> "" ],
     baseLat |-> 1,
     currLat |-> 1 ] >>
/\ _COM = << [ ind |-> 0,
     type |-> "No_OpClass",
     r0 |-> "",
     r1 |-> "",
     r2 |-> "",
     addr |-> "" ] >>
/\ exec_inst2 = 2
/\ _ID2 = << [ ind |-> 0,
     type |-> "No_OpClass",
     r0 |-> "",
     r1 |-> "",
     r2 |-> "",
     addr |-> "" ] >>
/\ graph = [ nodes |->
      << [ ind |-> 1,
           addr |-> "0x1",
           IFacq |-> 1,
           IFrel |-> 2,
           IDacq |-> 2,
           IDrel |-> 3,
           FUacq |-> 3,
           FUrel |-> 6,
           COM |-> 6,
           ROB |-> 2,
           RS |-> 2,
           FU |-> 2 ],
         [ ind |-> 2,
           addr |-> "0x2",
           IFacq |-> 2,
           IFrel |-> 3,
           IDacq |-> 3,
           IDrel |-> 4,
           FUacq |-> 0,
           FUrel |-> 0,
           COM |-> 0,
           ROB |-> 3,
           RS |-> 3,
           FU |-> 0 ],
         [ ind |-> 3,
           addr |-> "0x3",
           IFacq |-> 3,
           IFrel |-> 4,
           IDacq |-> 4,
           IDrel |-> 5,
           FUacq |-> 5,
           FUrel |-> 0,
           COM |-> 0,
           ROB |-> 4,
           RS |-> 4,
           FU |-> 1 ],
         [ ind |-> 4,
           addr |-> "0x4",
           IFacq |-> 4,
           IFrel |-> 5,
           IDacq |-> 5,
           IDrel |-> 6,
           FUacq |-> 0,
           FUrel |-> 0,
           COM |-> 0,
           ROB |-> 5,
           RS |-> 5,
           FU |-> 0 ] >>,
  edges |-> {} ]
/\ currCycle2 = 7
/\ _IF2 = << [ instr |->
         [ ind |-> 0,
           type |-> "No_OpClass",
           r0 |-> "",
           r1 |-> "",
           r2 |-> "",
           addr |-> "" ],
     baseLat |-> 1,
     currLat |-> 1 ] >>
/\ graph2 = [ nodes |->
      << [ ind |-> 1,
           addr |-> "0x1",
           IFacq |-> 1,
           IFrel |-> 2,
           IDacq |-> 2,
           IDrel |-> 3,
           FUacq |-> 3,
           FUrel |-> 4,
           COM |-> 4,
           ROB |-> 2,
           RS |-> 2,
           FU |-> 2 ],
         [ ind |-> 2,
           addr |-> "0x2",
           IFacq |-> 2,
           IFrel |-> 3,
           IDacq |-> 3,
           IDrel |-> 4,
           FUacq |-> 4,
           FUrel |-> 7,
           COM |-> 0,
           ROB |-> 3,
           RS |-> 3,
           FU |-> 1 ],
         [ ind |-> 3,
           addr |-> "0x3",
           IFacq |-> 3,
           IFrel |-> 4,
           IDacq |-> 4,
           IDrel |-> 5,
           FUacq |-> 0,
           FUrel |-> 0,
           COM |-> 0,
           ROB |-> 4,
           RS |-> 4,
           FU |-> 0 ],
         [ ind |-> 4,
           addr |-> "0x4",
           IFacq |-> 4,
           IFrel |-> 5,
           IDacq |-> 5,
           IDrel |-> 6,
           FUacq |-> 0,
           FUrel |-> 0,
           COM |-> 0,
           ROB |-> 5,
           RS |-> 5,
           FU |-> 0 ] >>,
  edges |-> {[type |-> "D", source |-> 1, dest |-> 2]} ]
/\ pc2 = 4
/\ robHead = 2
/\ rob = << [ instr |->
         [ ind |-> 1,
           type |-> "MemRead",
           r0 |-> "ra",
           r1 |-> "",
           r2 |-> "",
           addr |-> "0x1" ],
     executed |-> TRUE,
     done |-> TRUE ],
   [ instr |->
         [ ind |-> 2,
           type |-> "IntAlu",
           r0 |-> "",
           r1 |-> "ra",
           r2 |-> "",
           addr |-> "0x2" ],
     executed |-> FALSE,
     done |-> FALSE ],
   [ instr |->
         [ ind |-> 3,
           type |-> "IntAlu",
           r0 |-> "rb",
           r1 |-> "",
           r2 |-> "",
           addr |-> "0x3" ],
     executed |-> FALSE,
     done |-> FALSE ],
   [ instr |->
         [ ind |-> 4,
           type |-> "MemWrite",
           r0 |-> "",
           r1 |-> "rb",
           r2 |-> "",
           addr |-> "0x4" ],
     executed |-> FALSE,
     done |-> FALSE ] >>
/\ _RS = << { [ ind |-> 2,
       type |-> "IntAlu",
       r0 |-> "",
       r1 |-> "ra",
       r2 |-> "",
       addr |-> "0x2" ] },
   { [ ind |-> 4,
       type |-> "MemWrite",
       r0 |-> "",
       r1 |-> "rb",
       r2 |-> "",
       addr |-> "0x4" ] } >>
/\ currCycle = 7
/\ exec_inst = 1
/\ robHead2 = 2
/\ pc = 4
/\ rob2 = << [ instr |->
         [ ind |-> 1,
           type |-> "MemRead",
           r0 |-> "ra",
           r1 |-> "",
           r2 |-> "",
           addr |-> "0x1" ],
     executed |-> TRUE,
     done |-> TRUE ],
   [ instr |->
         [ ind |-> 2,
           type |-> "IntAlu",
           r0 |-> "",
           r1 |-> "ra",
           r2 |-> "",
           addr |-> "0x2" ],
     executed |-> TRUE,
     done |-> FALSE ],
   [ instr |->
         [ ind |-> 3,
           type |-> "IntAlu",
           r0 |-> "rb",
           r1 |-> "",
           r2 |-> "",
           addr |-> "0x3" ],
     executed |-> FALSE,
     done |-> FALSE ],
   [ instr |->
         [ ind |-> 4,
           type |-> "MemWrite",
           r0 |-> "",
           r1 |-> "rb",
           r2 |-> "",
           addr |-> "0x4" ],
     executed |-> FALSE,
     done |-> FALSE ] >>
/\ _FU = << [ instr |->
         [ ind |-> 3,
           type |-> "IntAlu",
           r0 |-> "rb",
           r1 |-> "",
           r2 |-> "",
           addr |-> "0x3" ],
     baseLat |-> 3,
     currLat |-> 3 ],
   [ instr |->
         [ ind |-> 0,
           type |-> "No_OpClass",
           r0 |-> "",
           r1 |-> "",
           r2 |-> "",
           addr |-> "" ],
     baseLat |-> 1,
     currLat |-> 1 ] >>

@!@!@ENDMSG 2217 @!@!@
@!@!@STARTMSG 2217:4 @!@!@
9: <Next line 60, col 9 to line 61, col 21 of module pipeline_ooo>
/\ _RS2 = << {},
   { [ ind |-> 4,
       type |-> "MemWrite",
       r0 |-> "",
       r1 |-> "rb",
       r2 |-> "",
       addr |-> "0x4" ] } >>
/\ _COM2 = << [ ind |-> 0,
     type |-> "No_OpClass",
     r0 |-> "",
     r1 |-> "",
     r2 |-> "",
     addr |-> "" ] >>
/\ _ID = << [ ind |-> 0,
     type |-> "No_OpClass",
     r0 |-> "",
     r1 |-> "",
     r2 |-> "",
     addr |-> "" ] >>
/\ _IF = << [ instr |->
         [ ind |-> 0,
           type |-> "No_OpClass",
           r0 |-> "",
           r1 |-> "",
           r2 |-> "",
           addr |-> "" ],
     baseLat |-> 1,
     currLat |-> 1 ] >>
/\ _FU2 = << [ instr |->
         [ ind |-> 3,
           type |-> "IntAlu",
           r0 |-> "rb",
           r1 |-> "",
           r2 |-> "",
           addr |-> "0x3" ],
     baseLat |-> 3,
     currLat |-> 2 ],
   [ instr |->
         [ ind |-> 0,
           type |-> "No_OpClass",
           r0 |-> "",
           r1 |-> "",
           r2 |-> "",
           addr |-> "" ],
     baseLat |-> 1,
     currLat |-> 1 ] >>
/\ _COM = << [ ind |-> 0,
     type |-> "No_OpClass",
     r0 |-> "",
     r1 |-> "",
     r2 |-> "",
     addr |-> "" ] >>
/\ exec_inst2 = 2
/\ _ID2 = << [ ind |-> 0,
     type |-> "No_OpClass",
     r0 |-> "",
     r1 |-> "",
     r2 |-> "",
     addr |-> "" ] >>
/\ graph = [ nodes |->
      << [ ind |-> 1,
           addr |-> "0x1",
           IFacq |-> 1,
           IFrel |-> 2,
           IDacq |-> 2,
           IDrel |-> 3,
           FUacq |-> 3,
           FUrel |-> 6,
           COM |-> 6,
           ROB |-> 2,
           RS |-> 2,
           FU |-> 2 ],
         [ ind |-> 2,
           addr |-> "0x2",
           IFacq |-> 2,
           IFrel |-> 3,
           IDacq |-> 3,
           IDrel |-> 4,
           FUacq |-> 0,
           FUrel |-> 0,
           COM |-> 0,
           ROB |-> 3,
           RS |-> 3,
           FU |-> 0 ],
         [ ind |-> 3,
           addr |-> "0x3",
           IFacq |-> 3,
           IFrel |-> 4,
           IDacq |-> 4,
           IDrel |-> 5,
           FUacq |-> 5,
           FUrel |-> 8,
           COM |-> 0,
           ROB |-> 4,
           RS |-> 4,
           FU |-> 1 ],
         [ ind |-> 4,
           addr |-> "0x4",
           IFacq |-> 4,
           IFrel |-> 5,
           IDacq |-> 5,
           IDrel |-> 6,
           FUacq |-> 0,
           FUrel |-> 0,
           COM |-> 0,
           ROB |-> 5,
           RS |-> 5,
           FU |-> 0 ] >>,
  edges |-> {} ]
/\ currCycle2 = 8
/\ _IF2 = << [ instr |->
         [ ind |-> 0,
           type |-> "No_OpClass",
           r0 |-> "",
           r1 |-> "",
           r2 |-> "",
           addr |-> "" ],
     baseLat |-> 1,
     currLat |-> 1 ] >>
/\ graph2 = [ nodes |->
      << [ ind |-> 1,
           addr |-> "0x1",
           IFacq |-> 1,
           IFrel |-> 2,
           IDacq |-> 2,
           IDrel |-> 3,
           FUacq |-> 3,
           FUrel |-> 4,
           COM |-> 4,
           ROB |-> 2,
           RS |-> 2,
           FU |-> 2 ],
         [ ind |-> 2,
           addr |-> "0x2",
           IFacq |-> 2,
           IFrel |-> 3,
           IDacq |-> 3,
           IDrel |-> 4,
           FUacq |-> 4,
           FUrel |-> 7,
           COM |-> 7,
           ROB |-> 3,
           RS |-> 3,
           FU |-> 1 ],
         [ ind |-> 3,
           addr |-> "0x3",
           IFacq |-> 3,
           IFrel |-> 4,
           IDacq |-> 4,
           IDrel |-> 5,
           FUacq |-> 7,
           FUrel |-> 0,
           COM |-> 0,
           ROB |-> 4,
           RS |-> 4,
           FU |-> 1 ],
         [ ind |-> 4,
           addr |-> "0x4",
           IFacq |-> 4,
           IFrel |-> 5,
           IDacq |-> 5,
           IDrel |-> 6,
           FUacq |-> 0,
           FUrel |-> 0,
           COM |-> 0,
           ROB |-> 5,
           RS |-> 5,
           FU |-> 0 ] >>,
  edges |-> {[type |-> "D", source |-> 1, dest |-> 2]} ]
/\ pc2 = 4
/\ robHead = 2
/\ rob = << [ instr |->
         [ ind |-> 1,
           type |-> "MemRead",
           r0 |-> "ra",
           r1 |-> "",
           r2 |-> "",
           addr |-> "0x1" ],
     executed |-> TRUE,
     done |-> TRUE ],
   [ instr |->
         [ ind |-> 2,
           type |-> "IntAlu",
           r0 |-> "",
           r1 |-> "ra",
           r2 |-> "",
           addr |-> "0x2" ],
     executed |-> FALSE,
     done |-> FALSE ],
   [ instr |->
         [ ind |-> 3,
           type |-> "IntAlu",
           r0 |-> "rb",
           r1 |-> "",
           r2 |-> "",
           addr |-> "0x3" ],
     executed |-> TRUE,
     done |-> FALSE ],
   [ instr |->
         [ ind |-> 4,
           type |-> "MemWrite",
           r0 |-> "",
           r1 |-> "rb",
           r2 |-> "",
           addr |-> "0x4" ],
     executed |-> FALSE,
     done |-> FALSE ] >>
/\ _RS = <<{}, {}>>
/\ currCycle = 8
/\ exec_inst = 1
/\ robHead2 = 3
/\ pc = 4
/\ rob2 = << [ instr |->
         [ ind |-> 1,
           type |-> "MemRead",
           r0 |-> "ra",
           r1 |-> "",
           r2 |-> "",
           addr |-> "0x1" ],
     executed |-> TRUE,
     done |-> TRUE ],
   [ instr |->
         [ ind |-> 2,
           type |-> "IntAlu",
           r0 |-> "",
           r1 |-> "ra",
           r2 |-> "",
           addr |-> "0x2" ],
     executed |-> TRUE,
     done |-> TRUE ],
   [ instr |->
         [ ind |-> 3,
           type |-> "IntAlu",
           r0 |-> "rb",
           r1 |-> "",
           r2 |-> "",
           addr |-> "0x3" ],
     executed |-> FALSE,
     done |-> FALSE ],
   [ instr |->
         [ ind |-> 4,
           type |-> "MemWrite",
           r0 |-> "",
           r1 |-> "rb",
           r2 |-> "",
           addr |-> "0x4" ],
     executed |-> FALSE,
     done |-> FALSE ] >>
/\ _FU = << [ instr |->
         [ ind |-> 2,
           type |-> "IntAlu",
           r0 |-> "",
           r1 |-> "ra",
           r2 |-> "",
           addr |-> "0x2" ],
     baseLat |-> 3,
     currLat |-> 1 ],
   [ instr |->
         [ ind |-> 4,
           type |-> "MemWrite",
           r0 |-> "",
           r1 |-> "rb",
           r2 |-> "",
           addr |-> "0x4" ],
     baseLat |-> 3,
     currLat |-> 1 ] >>

@!@!@ENDMSG 2217 @!@!@
@!@!@STARTMSG 2217:4 @!@!@
10: <Next line 60, col 9 to line 61, col 21 of module pipeline_ooo>
/\ _RS2 = << {},
   { [ ind |-> 4,
       type |-> "MemWrite",
       r0 |-> "",
       r1 |-> "rb",
       r2 |-> "",
       addr |-> "0x4" ] } >>
/\ _COM2 = << [ ind |-> 0,
     type |-> "No_OpClass",
     r0 |-> "",
     r1 |-> "",
     r2 |-> "",
     addr |-> "" ] >>
/\ _ID = << [ ind |-> 0,
     type |-> "No_OpClass",
     r0 |-> "",
     r1 |-> "",
     r2 |-> "",
     addr |-> "" ] >>
/\ _IF = << [ instr |->
         [ ind |-> 0,
           type |-> "No_OpClass",
           r0 |-> "",
           r1 |-> "",
           r2 |-> "",
           addr |-> "" ],
     baseLat |-> 1,
     currLat |-> 1 ] >>
/\ _FU2 = << [ instr |->
         [ ind |-> 3,
           type |-> "IntAlu",
           r0 |-> "rb",
           r1 |-> "",
           r2 |-> "",
           addr |-> "0x3" ],
     baseLat |-> 3,
     currLat |-> 3 ],
   [ instr |->
         [ ind |-> 0,
           type |-> "No_OpClass",
           r0 |-> "",
           r1 |-> "",
           r2 |-> "",
           addr |-> "" ],
     baseLat |-> 1,
     currLat |-> 1 ] >>
/\ _COM = << [ ind |-> 0,
     type |-> "No_OpClass",
     r0 |-> "",
     r1 |-> "",
     r2 |-> "",
     addr |-> "" ] >>
/\ exec_inst2 = 2
/\ _ID2 = << [ ind |-> 0,
     type |-> "No_OpClass",
     r0 |-> "",
     r1 |-> "",
     r2 |-> "",
     addr |-> "" ] >>
/\ graph = [ nodes |->
      << [ ind |-> 1,
           addr |-> "0x1",
           IFacq |-> 1,
           IFrel |-> 2,
           IDacq |-> 2,
           IDrel |-> 3,
           FUacq |-> 3,
           FUrel |-> 6,
           COM |-> 6,
           ROB |-> 2,
           RS |-> 2,
           FU |-> 2 ],
         [ ind |-> 2,
           addr |-> "0x2",
           IFacq |-> 2,
           IFrel |-> 3,
           IDacq |-> 3,
           IDrel |-> 4,
           FUacq |-> 8,
           FUrel |-> 0,
           COM |-> 0,
           ROB |-> 3,
           RS |-> 3,
           FU |-> 1 ],
         [ ind |-> 3,
           addr |-> "0x3",
           IFacq |-> 3,
           IFrel |-> 4,
           IDacq |-> 4,
           IDrel |-> 5,
           FUacq |-> 5,
           FUrel |-> 8,
           COM |-> 0,
           ROB |-> 4,
           RS |-> 4,
           FU |-> 1 ],
         [ ind |-> 4,
           addr |-> "0x4",
           IFacq |-> 4,
           IFrel |-> 5,
           IDacq |-> 5,
           IDrel |-> 6,
           FUacq |-> 8,
           FUrel |-> 0,
           COM |-> 0,
           ROB |-> 5,
           RS |-> 5,
           FU |-> 2 ] >>,
  edges |-> {[type |-> "D", source |-> 3, dest |-> 4]} ]
/\ currCycle2 = 9
/\ _IF2 = << [ instr |->
         [ ind |-> 0,
           type |-> "No_OpClass",
           r0 |-> "",
           r1 |-> "",
           r2 |-> "",
           addr |-> "" ],
     baseLat |-> 1,
     currLat |-> 1 ] >>
/\ graph2 = [ nodes |->
      << [ ind |-> 1,
           addr |-> "0x1",
           IFacq |-> 1,
           IFrel |-> 2,
           IDacq |-> 2,
           IDrel |-> 3,
           FUacq |-> 3,
           FUrel |-> 4,
           COM |-> 4,
           ROB |-> 2,
           RS |-> 2,
           FU |-> 2 ],
         [ ind |-> 2,
           addr |-> "0x2",
           IFacq |-> 2,
           IFrel |-> 3,
           IDacq |-> 3,
           IDrel |-> 4,
           FUacq |-> 4,
           FUrel |-> 7,
           COM |-> 7,
           ROB |-> 3,
           RS |-> 3,
           FU |-> 1 ],
         [ ind |-> 3,
           addr |-> "0x3",
           IFacq |-> 3,
           IFrel |-> 4,
           IDacq |-> 4,
           IDrel |-> 5,
           FUacq |-> 7,
           FUrel |-> 0,
           COM |-> 0,
           ROB |-> 4,
           RS |-> 4,
           FU |-> 1 ],
         [ ind |-> 4,
           addr |-> "0x4",
           IFacq |-> 4,
           IFrel |-> 5,
           IDacq |-> 5,
           IDrel |-> 6,
           FUacq |-> 0,
           FUrel |-> 0,
           COM |-> 0,
           ROB |-> 5,
           RS |-> 5,
           FU |-> 0 ] >>,
  edges |-> {[type |-> "D", source |-> 1, dest |-> 2]} ]
/\ pc2 = 4
/\ robHead = 2
/\ rob = << [ instr |->
         [ ind |-> 1,
           type |-> "MemRead",
           r0 |-> "ra",
           r1 |-> "",
           r2 |-> "",
           addr |-> "0x1" ],
     executed |-> TRUE,
     done |-> TRUE ],
   [ instr |->
         [ ind |-> 2,
           type |-> "IntAlu",
           r0 |-> "",
           r1 |-> "ra",
           r2 |-> "",
           addr |-> "0x2" ],
     executed |-> FALSE,
     done |-> FALSE ],
   [ instr |->
         [ ind |-> 3,
           type |-> "IntAlu",
           r0 |-> "rb",
           r1 |-> "",
           r2 |-> "",
           addr |-> "0x3" ],
     executed |-> TRUE,
     done |-> FALSE ],
   [ instr |->
         [ ind |-> 4,
           type |-> "MemWrite",
           r0 |-> "",
           r1 |-> "rb",
           r2 |-> "",
           addr |-> "0x4" ],
     executed |-> FALSE,
     done |-> FALSE ] >>
/\ _RS = <<{}, {}>>
/\ currCycle = 9
/\ exec_inst = 1
/\ robHead2 = 3
/\ pc = 4
/\ rob2 = << [ instr |->
         [ ind |-> 1,
           type |-> "MemRead",
           r0 |-> "ra",
           r1 |-> "",
           r2 |-> "",
           addr |-> "0x1" ],
     executed |-> TRUE,
     done |-> TRUE ],
   [ instr |->
         [ ind |-> 2,
           type |-> "IntAlu",
           r0 |-> "",
           r1 |-> "ra",
           r2 |-> "",
           addr |-> "0x2" ],
     executed |-> TRUE,
     done |-> TRUE ],
   [ instr |->
         [ ind |-> 3,
           type |-> "IntAlu",
           r0 |-> "rb",
           r1 |-> "",
           r2 |-> "",
           addr |-> "0x3" ],
     executed |-> FALSE,
     done |-> FALSE ],
   [ instr |->
         [ ind |-> 4,
           type |-> "MemWrite",
           r0 |-> "",
           r1 |-> "rb",
           r2 |-> "",
           addr |-> "0x4" ],
     executed |-> FALSE,
     done |-> FALSE ] >>
/\ _FU = << [ instr |->
         [ ind |-> 2,
           type |-> "IntAlu",
           r0 |-> "",
           r1 |-> "ra",
           r2 |-> "",
           addr |-> "0x2" ],
     baseLat |-> 3,
     currLat |-> 2 ],
   [ instr |->
         [ ind |-> 4,
           type |-> "MemWrite",
           r0 |-> "",
           r1 |-> "rb",
           r2 |-> "",
           addr |-> "0x4" ],
     baseLat |-> 3,
     currLat |-> 2 ] >>

@!@!@ENDMSG 2217 @!@!@
@!@!@STARTMSG 2217:4 @!@!@
11: <Next line 60, col 9 to line 61, col 21 of module pipeline_ooo>
/\ _RS2 = <<{}, {}>>
/\ _COM2 = << [ ind |-> 3,
     type |-> "IntAlu",
     r0 |-> "rb",
     r1 |-> "",
     r2 |-> "",
     addr |-> "0x3" ] >>
/\ _ID = << [ ind |-> 0,
     type |-> "No_OpClass",
     r0 |-> "",
     r1 |-> "",
     r2 |-> "",
     addr |-> "" ] >>
/\ _IF = << [ instr |->
         [ ind |-> 0,
           type |-> "No_OpClass",
           r0 |-> "",
           r1 |-> "",
           r2 |-> "",
           addr |-> "" ],
     baseLat |-> 1,
     currLat |-> 1 ] >>
/\ _FU2 = << [ instr |->
         [ ind |-> 0,
           type |-> "No_OpClass",
           r0 |-> "",
           r1 |-> "",
           r2 |-> "",
           addr |-> "" ],
     baseLat |-> 1,
     currLat |-> 1 ],
   [ instr |->
         [ ind |-> 4,
           type |-> "MemWrite",
           r0 |-> "",
           r1 |-> "rb",
           r2 |-> "",
           addr |-> "0x4" ],
     baseLat |-> 3,
     currLat |-> 1 ] >>
/\ _COM = << [ ind |-> 0,
     type |-> "No_OpClass",
     r0 |-> "",
     r1 |-> "",
     r2 |-> "",
     addr |-> "" ] >>
/\ exec_inst2 = 2
/\ _ID2 = << [ ind |-> 0,
     type |-> "No_OpClass",
     r0 |-> "",
     r1 |-> "",
     r2 |-> "",
     addr |-> "" ] >>
/\ graph = [ nodes |->
      << [ ind |-> 1,
           addr |-> "0x1",
           IFacq |-> 1,
           IFrel |-> 2,
           IDacq |-> 2,
           IDrel |-> 3,
           FUacq |-> 3,
           FUrel |-> 6,
           COM |-> 6,
           ROB |-> 2,
           RS |-> 2,
           FU |-> 2 ],
         [ ind |-> 2,
           addr |-> "0x2",
           IFacq |-> 2,
           IFrel |-> 3,
           IDacq |-> 3,
           IDrel |-> 4,
           FUacq |-> 8,
           FUrel |-> 0,
           COM |-> 0,
           ROB |-> 3,
           RS |-> 3,
           FU |-> 1 ],
         [ ind |-> 3,
           addr |-> "0x3",
           IFacq |-> 3,
           IFrel |-> 4,
           IDacq |-> 4,
           IDrel |-> 5,
           FUacq |-> 5,
           FUrel |-> 8,
           COM |-> 0,
           ROB |-> 4,
           RS |-> 4,
           FU |-> 1 ],
         [ ind |-> 4,
           addr |-> "0x4",
           IFacq |-> 4,
           IFrel |-> 5,
           IDacq |-> 5,
           IDrel |-> 6,
           FUacq |-> 8,
           FUrel |-> 0,
           COM |-> 0,
           ROB |-> 5,
           RS |-> 5,
           FU |-> 2 ] >>,
  edges |-> {[type |-> "D", source |-> 3, dest |-> 4]} ]
/\ currCycle2 = 10
/\ _IF2 = << [ instr |->
         [ ind |-> 0,
           type |-> "No_OpClass",
           r0 |-> "",
           r1 |-> "",
           r2 |-> "",
           addr |-> "" ],
     baseLat |-> 1,
     currLat |-> 1 ] >>
/\ graph2 = [ nodes |->
      << [ ind |-> 1,
           addr |-> "0x1",
           IFacq |-> 1,
           IFrel |-> 2,
           IDacq |-> 2,
           IDrel |-> 3,
           FUacq |-> 3,
           FUrel |-> 4,
           COM |-> 4,
           ROB |-> 2,
           RS |-> 2,
           FU |-> 2 ],
         [ ind |-> 2,
           addr |-> "0x2",
           IFacq |-> 2,
           IFrel |-> 3,
           IDacq |-> 3,
           IDrel |-> 4,
           FUacq |-> 4,
           FUrel |-> 7,
           COM |-> 7,
           ROB |-> 3,
           RS |-> 3,
           FU |-> 1 ],
         [ ind |-> 3,
           addr |-> "0x3",
           IFacq |-> 3,
           IFrel |-> 4,
           IDacq |-> 4,
           IDrel |-> 5,
           FUacq |-> 7,
           FUrel |-> 10,
           COM |-> 0,
           ROB |-> 4,
           RS |-> 4,
           FU |-> 1 ],
         [ ind |-> 4,
           addr |-> "0x4",
           IFacq |-> 4,
           IFrel |-> 5,
           IDacq |-> 5,
           IDrel |-> 6,
           FUacq |-> 0,
           FUrel |-> 0,
           COM |-> 0,
           ROB |-> 5,
           RS |-> 5,
           FU |-> 0 ] >>,
  edges |-> {[type |-> "D", source |-> 1, dest |-> 2]} ]
/\ pc2 = 4
/\ robHead = 2
/\ rob = << [ instr |->
         [ ind |-> 1,
           type |-> "MemRead",
           r0 |-> "ra",
           r1 |-> "",
           r2 |-> "",
           addr |-> "0x1" ],
     executed |-> TRUE,
     done |-> TRUE ],
   [ instr |->
         [ ind |-> 2,
           type |-> "IntAlu",
           r0 |-> "",
           r1 |-> "ra",
           r2 |-> "",
           addr |-> "0x2" ],
     executed |-> FALSE,
     done |-> FALSE ],
   [ instr |->
         [ ind |-> 3,
           type |-> "IntAlu",
           r0 |-> "rb",
           r1 |-> "",
           r2 |-> "",
           addr |-> "0x3" ],
     executed |-> TRUE,
     done |-> FALSE ],
   [ instr |->
         [ ind |-> 4,
           type |-> "MemWrite",
           r0 |-> "",
           r1 |-> "rb",
           r2 |-> "",
           addr |-> "0x4" ],
     executed |-> FALSE,
     done |-> FALSE ] >>
/\ _RS = <<{}, {}>>
/\ currCycle = 10
/\ exec_inst = 1
/\ robHead2 = 3
/\ pc = 4
/\ rob2 = << [ instr |->
         [ ind |-> 1,
           type |-> "MemRead",
           r0 |-> "ra",
           r1 |-> "",
           r2 |-> "",
           addr |-> "0x1" ],
     executed |-> TRUE,
     done |-> TRUE ],
   [ instr |->
         [ ind |-> 2,
           type |-> "IntAlu",
           r0 |-> "",
           r1 |-> "ra",
           r2 |-> "",
           addr |-> "0x2" ],
     executed |-> TRUE,
     done |-> TRUE ],
   [ instr |->
         [ ind |-> 3,
           type |-> "IntAlu",
           r0 |-> "rb",
           r1 |-> "",
           r2 |-> "",
           addr |-> "0x3" ],
     executed |-> TRUE,
     done |-> FALSE ],
   [ instr |->
         [ ind |-> 4,
           type |-> "MemWrite",
           r0 |-> "",
           r1 |-> "rb",
           r2 |-> "",
           addr |-> "0x4" ],
     executed |-> FALSE,
     done |-> FALSE ] >>
/\ _FU = << [ instr |->
         [ ind |-> 2,
           type |-> "IntAlu",
           r0 |-> "",
           r1 |-> "ra",
           r2 |-> "",
           addr |-> "0x2" ],
     baseLat |-> 3,
     currLat |-> 3 ],
   [ instr |->
         [ ind |-> 4,
           type |-> "MemWrite",
           r0 |-> "",
           r1 |-> "rb",
           r2 |-> "",
           addr |-> "0x4" ],
     baseLat |-> 3,
     currLat |-> 3 ] >>

@!@!@ENDMSG 2217 @!@!@
@!@!@STARTMSG 2217:4 @!@!@
12: <Next line 60, col 9 to line 61, col 21 of module pipeline_ooo>
/\ _RS2 = <<{}, {}>>
/\ _COM2 = << [ ind |-> 0,
     type |-> "No_OpClass",
     r0 |-> "",
     r1 |-> "",
     r2 |-> "",
     addr |-> "" ] >>
/\ _ID = << [ ind |-> 0,
     type |-> "No_OpClass",
     r0 |-> "",
     r1 |-> "",
     r2 |-> "",
     addr |-> "" ] >>
/\ _IF = << [ instr |->
         [ ind |-> 0,
           type |-> "No_OpClass",
           r0 |-> "",
           r1 |-> "",
           r2 |-> "",
           addr |-> "" ],
     baseLat |-> 1,
     currLat |-> 1 ] >>
/\ _FU2 = << [ instr |->
         [ ind |-> 0,
           type |-> "No_OpClass",
           r0 |-> "",
           r1 |-> "",
           r2 |-> "",
           addr |-> "" ],
     baseLat |-> 1,
     currLat |-> 1 ],
   [ instr |->
         [ ind |-> 4,
           type |-> "MemWrite",
           r0 |-> "",
           r1 |-> "rb",
           r2 |-> "",
           addr |-> "0x4" ],
     baseLat |-> 3,
     currLat |-> 2 ] >>
/\ _COM = << [ ind |-> 2,
     type |-> "IntAlu",
     r0 |-> "",
     r1 |-> "ra",
     r2 |-> "",
     addr |-> "0x2" ] >>
/\ exec_inst2 = 2
/\ _ID2 = << [ ind |-> 0,
     type |-> "No_OpClass",
     r0 |-> "",
     r1 |-> "",
     r2 |-> "",
     addr |-> "" ] >>
/\ graph = [ nodes |->
      << [ ind |-> 1,
           addr |-> "0x1",
           IFacq |-> 1,
           IFrel |-> 2,
           IDacq |-> 2,
           IDrel |-> 3,
           FUacq |-> 3,
           FUrel |-> 6,
           COM |-> 6,
           ROB |-> 2,
           RS |-> 2,
           FU |-> 2 ],
         [ ind |-> 2,
           addr |-> "0x2",
           IFacq |-> 2,
           IFrel |-> 3,
           IDacq |-> 3,
           IDrel |-> 4,
           FUacq |-> 8,
           FUrel |-> 11,
           COM |-> 0,
           ROB |-> 3,
           RS |-> 3,
           FU |-> 1 ],
         [ ind |-> 3,
           addr |-> "0x3",
           IFacq |-> 3,
           IFrel |-> 4,
           IDacq |-> 4,
           IDrel |-> 5,
           FUacq |-> 5,
           FUrel |-> 8,
           COM |-> 0,
           ROB |-> 4,
           RS |-> 4,
           FU |-> 1 ],
         [ ind |-> 4,
           addr |-> "0x4",
           IFacq |-> 4,
           IFrel |-> 5,
           IDacq |-> 5,
           IDrel |-> 6,
           FUacq |-> 8,
           FUrel |-> 11,
           COM |-> 0,
           ROB |-> 5,
           RS |-> 5,
           FU |-> 2 ] >>,
  edges |-> {[type |-> "D", source |-> 3, dest |-> 4]} ]
/\ currCycle2 = 11
/\ _IF2 = << [ instr |->
         [ ind |-> 0,
           type |-> "No_OpClass",
           r0 |-> "",
           r1 |-> "",
           r2 |-> "",
           addr |-> "" ],
     baseLat |-> 1,
     currLat |-> 1 ] >>
/\ graph2 = [ nodes |->
      << [ ind |-> 1,
           addr |-> "0x1",
           IFacq |-> 1,
           IFrel |-> 2,
           IDacq |-> 2,
           IDrel |-> 3,
           FUacq |-> 3,
           FUrel |-> 4,
           COM |-> 4,
           ROB |-> 2,
           RS |-> 2,
           FU |-> 2 ],
         [ ind |-> 2,
           addr |-> "0x2",
           IFacq |-> 2,
           IFrel |-> 3,
           IDacq |-> 3,
           IDrel |-> 4,
           FUacq |-> 4,
           FUrel |-> 7,
           COM |-> 7,
           ROB |-> 3,
           RS |-> 3,
           FU |-> 1 ],
         [ ind |-> 3,
           addr |-> "0x3",
           IFacq |-> 3,
           IFrel |-> 4,
           IDacq |-> 4,
           IDrel |-> 5,
           FUacq |-> 7,
           FUrel |-> 10,
           COM |-> 10,
           ROB |-> 4,
           RS |-> 4,
           FU |-> 1 ],
         [ ind |-> 4,
           addr |-> "0x4",
           IFacq |-> 4,
           IFrel |-> 5,
           IDacq |-> 5,
           IDrel |-> 6,
           FUacq |-> 10,
           FUrel |-> 0,
           COM |-> 0,
           ROB |-> 5,
           RS |-> 5,
           FU |-> 2 ] >>,
  edges |->
      { [type |-> "D", source |-> 1, dest |-> 2],
        [type |-> "D", source |-> 3, dest |-> 4] } ]
/\ pc2 = 4
/\ robHead = 2
/\ rob = << [ instr |->
         [ ind |-> 1,
           type |-> "MemRead",
           r0 |-> "ra",
           r1 |-> "",
           r2 |-> "",
           addr |-> "0x1" ],
     executed |-> TRUE,
     done |-> TRUE ],
   [ instr |->
         [ ind |-> 2,
           type |-> "IntAlu",
           r0 |-> "",
           r1 |-> "ra",
           r2 |-> "",
           addr |-> "0x2" ],
     executed |-> TRUE,
     done |-> FALSE ],
   [ instr |->
         [ ind |-> 3,
           type |-> "IntAlu",
           r0 |-> "rb",
           r1 |-> "",
           r2 |-> "",
           addr |-> "0x3" ],
     executed |-> TRUE,
     done |-> FALSE ],
   [ instr |->
         [ ind |-> 4,
           type |-> "MemWrite",
           r0 |-> "",
           r1 |-> "rb",
           r2 |-> "",
           addr |-> "0x4" ],
     executed |-> TRUE,
     done |-> FALSE ] >>
/\ _RS = <<{}, {}>>
/\ currCycle = 11
/\ exec_inst = 1
/\ robHead2 = 4
/\ pc = 4
/\ rob2 = << [ instr |->
         [ ind |-> 1,
           type |-> "MemRead",
           r0 |-> "ra",
           r1 |-> "",
           r2 |-> "",
           addr |-> "0x1" ],
     executed |-> TRUE,
     done |-> TRUE ],
   [ instr |->
         [ ind |-> 2,
           type |-> "IntAlu",
           r0 |-> "",
           r1 |-> "ra",
           r2 |-> "",
           addr |-> "0x2" ],
     executed |-> TRUE,
     done |-> TRUE ],
   [ instr |->
         [ ind |-> 3,
           type |-> "IntAlu",
           r0 |-> "rb",
           r1 |-> "",
           r2 |-> "",
           addr |-> "0x3" ],
     executed |-> TRUE,
     done |-> TRUE ],
   [ instr |->
         [ ind |-> 4,
           type |-> "MemWrite",
           r0 |-> "",
           r1 |-> "rb",
           r2 |-> "",
           addr |-> "0x4" ],
     executed |-> FALSE,
     done |-> FALSE ] >>
/\ _FU = << [ instr |->
         [ ind |-> 0,
           type |-> "No_OpClass",
           r0 |-> "",
           r1 |-> "",
           r2 |-> "",
           addr |-> "" ],
     baseLat |-> 1,
     currLat |-> 1 ],
   [ instr |->
         [ ind |-> 0,
           type |-> "No_OpClass",
           r0 |-> "",
           r1 |-> "",
           r2 |-> "",
           addr |-> "" ],
     baseLat |-> 1,
     currLat |-> 1 ] >>

@!@!@ENDMSG 2217 @!@!@
@!@!@STARTMSG 2217:4 @!@!@
13: <Next line 60, col 9 to line 61, col 21 of module pipeline_ooo>
/\ _RS2 = <<{}, {}>>
/\ _COM2 = << [ ind |-> 0,
     type |-> "No_OpClass",
     r0 |-> "",
     r1 |-> "",
     r2 |-> "",
     addr |-> "" ] >>
/\ _ID = << [ ind |-> 0,
     type |-> "No_OpClass",
     r0 |-> "",
     r1 |-> "",
     r2 |-> "",
     addr |-> "" ] >>
/\ _IF = << [ instr |->
         [ ind |-> 0,
           type |-> "No_OpClass",
           r0 |-> "",
           r1 |-> "",
           r2 |-> "",
           addr |-> "" ],
     baseLat |-> 1,
     currLat |-> 1 ] >>
/\ _FU2 = << [ instr |->
         [ ind |-> 0,
           type |-> "No_OpClass",
           r0 |-> "",
           r1 |-> "",
           r2 |-> "",
           addr |-> "" ],
     baseLat |-> 1,
     currLat |-> 1 ],
   [ instr |->
         [ ind |-> 4,
           type |-> "MemWrite",
           r0 |-> "",
           r1 |-> "rb",
           r2 |-> "",
           addr |-> "0x4" ],
     baseLat |-> 3,
     currLat |-> 3 ] >>
/\ _COM = << [ ind |-> 3,
     type |-> "IntAlu",
     r0 |-> "rb",
     r1 |-> "",
     r2 |-> "",
     addr |-> "0x3" ] >>
/\ exec_inst2 = 2
/\ _ID2 = << [ ind |-> 0,
     type |-> "No_OpClass",
     r0 |-> "",
     r1 |-> "",
     r2 |-> "",
     addr |-> "" ] >>
/\ graph = [ nodes |->
      << [ ind |-> 1,
           addr |-> "0x1",
           IFacq |-> 1,
           IFrel |-> 2,
           IDacq |-> 2,
           IDrel |-> 3,
           FUacq |-> 3,
           FUrel |-> 6,
           COM |-> 6,
           ROB |-> 2,
           RS |-> 2,
           FU |-> 2 ],
         [ ind |-> 2,
           addr |-> "0x2",
           IFacq |-> 2,
           IFrel |-> 3,
           IDacq |-> 3,
           IDrel |-> 4,
           FUacq |-> 8,
           FUrel |-> 11,
           COM |-> 11,
           ROB |-> 3,
           RS |-> 3,
           FU |-> 1 ],
         [ ind |-> 3,
           addr |-> "0x3",
           IFacq |-> 3,
           IFrel |-> 4,
           IDacq |-> 4,
           IDrel |-> 5,
           FUacq |-> 5,
           FUrel |-> 8,
           COM |-> 0,
           ROB |-> 4,
           RS |-> 4,
           FU |-> 1 ],
         [ ind |-> 4,
           addr |-> "0x4",
           IFacq |-> 4,
           IFrel |-> 5,
           IDacq |-> 5,
           IDrel |-> 6,
           FUacq |-> 8,
           FUrel |-> 11,
           COM |-> 0,
           ROB |-> 5,
           RS |-> 5,
           FU |-> 2 ] >>,
  edges |-> {[type |-> "D", source |-> 3, dest |-> 4]} ]
/\ currCycle2 = 12
/\ _IF2 = << [ instr |->
         [ ind |-> 0,
           type |-> "No_OpClass",
           r0 |-> "",
           r1 |-> "",
           r2 |-> "",
           addr |-> "" ],
     baseLat |-> 1,
     currLat |-> 1 ] >>
/\ graph2 = [ nodes |->
      << [ ind |-> 1,
           addr |-> "0x1",
           IFacq |-> 1,
           IFrel |-> 2,
           IDacq |-> 2,
           IDrel |-> 3,
           FUacq |-> 3,
           FUrel |-> 4,
           COM |-> 4,
           ROB |-> 2,
           RS |-> 2,
           FU |-> 2 ],
         [ ind |-> 2,
           addr |-> "0x2",
           IFacq |-> 2,
           IFrel |-> 3,
           IDacq |-> 3,
           IDrel |-> 4,
           FUacq |-> 4,
           FUrel |-> 7,
           COM |-> 7,
           ROB |-> 3,
           RS |-> 3,
           FU |-> 1 ],
         [ ind |-> 3,
           addr |-> "0x3",
           IFacq |-> 3,
           IFrel |-> 4,
           IDacq |-> 4,
           IDrel |-> 5,
           FUacq |-> 7,
           FUrel |-> 10,
           COM |-> 10,
           ROB |-> 4,
           RS |-> 4,
           FU |-> 1 ],
         [ ind |-> 4,
           addr |-> "0x4",
           IFacq |-> 4,
           IFrel |-> 5,
           IDacq |-> 5,
           IDrel |-> 6,
           FUacq |-> 10,
           FUrel |-> 0,
           COM |-> 0,
           ROB |-> 5,
           RS |-> 5,
           FU |-> 2 ] >>,
  edges |->
      { [type |-> "D", source |-> 1, dest |-> 2],
        [type |-> "D", source |-> 3, dest |-> 4] } ]
/\ pc2 = 4
/\ robHead = 3
/\ rob = << [ instr |->
         [ ind |-> 1,
           type |-> "MemRead",
           r0 |-> "ra",
           r1 |-> "",
           r2 |-> "",
           addr |-> "0x1" ],
     executed |-> TRUE,
     done |-> TRUE ],
   [ instr |->
         [ ind |-> 2,
           type |-> "IntAlu",
           r0 |-> "",
           r1 |-> "ra",
           r2 |-> "",
           addr |-> "0x2" ],
     executed |-> TRUE,
     done |-> TRUE ],
   [ instr |->
         [ ind |-> 3,
           type |-> "IntAlu",
           r0 |-> "rb",
           r1 |-> "",
           r2 |-> "",
           addr |-> "0x3" ],
     executed |-> TRUE,
     done |-> FALSE ],
   [ instr |->
         [ ind |-> 4,
           type |-> "MemWrite",
           r0 |-> "",
           r1 |-> "rb",
           r2 |-> "",
           addr |-> "0x4" ],
     executed |-> TRUE,
     done |-> FALSE ] >>
/\ _RS = <<{}, {}>>
/\ currCycle = 12
/\ exec_inst = 1
/\ robHead2 = 4
/\ pc = 4
/\ rob2 = << [ instr |->
         [ ind |-> 1,
           type |-> "MemRead",
           r0 |-> "ra",
           r1 |-> "",
           r2 |-> "",
           addr |-> "0x1" ],
     executed |-> TRUE,
     done |-> TRUE ],
   [ instr |->
         [ ind |-> 2,
           type |-> "IntAlu",
           r0 |-> "",
           r1 |-> "ra",
           r2 |-> "",
           addr |-> "0x2" ],
     executed |-> TRUE,
     done |-> TRUE ],
   [ instr |->
         [ ind |-> 3,
           type |-> "IntAlu",
           r0 |-> "rb",
           r1 |-> "",
           r2 |-> "",
           addr |-> "0x3" ],
     executed |-> TRUE,
     done |-> TRUE ],
   [ instr |->
         [ ind |-> 4,
           type |-> "MemWrite",
           r0 |-> "",
           r1 |-> "rb",
           r2 |-> "",
           addr |-> "0x4" ],
     executed |-> FALSE,
     done |-> FALSE ] >>
/\ _FU = << [ instr |->
         [ ind |-> 0,
           type |-> "No_OpClass",
           r0 |-> "",
           r1 |-> "",
           r2 |-> "",
           addr |-> "" ],
     baseLat |-> 1,
     currLat |-> 1 ],
   [ instr |->
         [ ind |-> 0,
           type |-> "No_OpClass",
           r0 |-> "",
           r1 |-> "",
           r2 |-> "",
           addr |-> "" ],
     baseLat |-> 1,
     currLat |-> 1 ] >>

@!@!@ENDMSG 2217 @!@!@
@!@!@STARTMSG 2217:4 @!@!@
14: <Next line 60, col 9 to line 61, col 21 of module pipeline_ooo>
/\ _RS2 = <<{}, {}>>
/\ _COM2 = << [ ind |-> 4,
     type |-> "MemWrite",
     r0 |-> "",
     r1 |-> "rb",
     r2 |-> "",
     addr |-> "0x4" ] >>
/\ _ID = << [ ind |-> 0,
     type |-> "No_OpClass",
     r0 |-> "",
     r1 |-> "",
     r2 |-> "",
     addr |-> "" ] >>
/\ _IF = << [ instr |->
         [ ind |-> 0,
           type |-> "No_OpClass",
           r0 |-> "",
           r1 |-> "",
           r2 |-> "",
           addr |-> "" ],
     baseLat |-> 1,
     currLat |-> 1 ] >>
/\ _FU2 = << [ instr |->
         [ ind |-> 0,
           type |-> "No_OpClass",
           r0 |-> "",
           r1 |-> "",
           r2 |-> "",
           addr |-> "" ],
     baseLat |-> 1,
     currLat |-> 1 ],
   [ instr |->
         [ ind |-> 0,
           type |-> "No_OpClass",
           r0 |-> "",
           r1 |-> "",
           r2 |-> "",
           addr |-> "" ],
     baseLat |-> 1,
     currLat |-> 1 ] >>
/\ _COM = << [ ind |-> 4,
     type |-> "MemWrite",
     r0 |-> "",
     r1 |-> "rb",
     r2 |-> "",
     addr |-> "0x4" ] >>
/\ exec_inst2 = 2
/\ _ID2 = << [ ind |-> 0,
     type |-> "No_OpClass",
     r0 |-> "",
     r1 |-> "",
     r2 |-> "",
     addr |-> "" ] >>
/\ graph = [ nodes |->
      << [ ind |-> 1,
           addr |-> "0x1",
           IFacq |-> 1,
           IFrel |-> 2,
           IDacq |-> 2,
           IDrel |-> 3,
           FUacq |-> 3,
           FUrel |-> 6,
           COM |-> 6,
           ROB |-> 2,
           RS |-> 2,
           FU |-> 2 ],
         [ ind |-> 2,
           addr |-> "0x2",
           IFacq |-> 2,
           IFrel |-> 3,
           IDacq |-> 3,
           IDrel |-> 4,
           FUacq |-> 8,
           FUrel |-> 11,
           COM |-> 11,
           ROB |-> 3,
           RS |-> 3,
           FU |-> 1 ],
         [ ind |-> 3,
           addr |-> "0x3",
           IFacq |-> 3,
           IFrel |-> 4,
           IDacq |-> 4,
           IDrel |-> 5,
           FUacq |-> 5,
           FUrel |-> 8,
           COM |-> 12,
           ROB |-> 4,
           RS |-> 4,
           FU |-> 1 ],
         [ ind |-> 4,
           addr |-> "0x4",
           IFacq |-> 4,
           IFrel |-> 5,
           IDacq |-> 5,
           IDrel |-> 6,
           FUacq |-> 8,
           FUrel |-> 11,
           COM |-> 0,
           ROB |-> 5,
           RS |-> 5,
           FU |-> 2 ] >>,
  edges |-> {[type |-> "D", source |-> 3, dest |-> 4]} ]
/\ currCycle2 = 13
/\ _IF2 = << [ instr |->
         [ ind |-> 0,
           type |-> "No_OpClass",
           r0 |-> "",
           r1 |-> "",
           r2 |-> "",
           addr |-> "" ],
     baseLat |-> 1,
     currLat |-> 1 ] >>
/\ graph2 = [ nodes |->
      << [ ind |-> 1,
           addr |-> "0x1",
           IFacq |-> 1,
           IFrel |-> 2,
           IDacq |-> 2,
           IDrel |-> 3,
           FUacq |-> 3,
           FUrel |-> 4,
           COM |-> 4,
           ROB |-> 2,
           RS |-> 2,
           FU |-> 2 ],
         [ ind |-> 2,
           addr |-> "0x2",
           IFacq |-> 2,
           IFrel |-> 3,
           IDacq |-> 3,
           IDrel |-> 4,
           FUacq |-> 4,
           FUrel |-> 7,
           COM |-> 7,
           ROB |-> 3,
           RS |-> 3,
           FU |-> 1 ],
         [ ind |-> 3,
           addr |-> "0x3",
           IFacq |-> 3,
           IFrel |-> 4,
           IDacq |-> 4,
           IDrel |-> 5,
           FUacq |-> 7,
           FUrel |-> 10,
           COM |-> 10,
           ROB |-> 4,
           RS |-> 4,
           FU |-> 1 ],
         [ ind |-> 4,
           addr |-> "0x4",
           IFacq |-> 4,
           IFrel |-> 5,
           IDacq |-> 5,
           IDrel |-> 6,
           FUacq |-> 10,
           FUrel |-> 13,
           COM |-> 0,
           ROB |-> 5,
           RS |-> 5,
           FU |-> 2 ] >>,
  edges |->
      { [type |-> "D", source |-> 1, dest |-> 2],
        [type |-> "D", source |-> 3, dest |-> 4] } ]
/\ pc2 = 4
/\ robHead = 4
/\ rob = << [ instr |->
         [ ind |-> 1,
           type |-> "MemRead",
           r0 |-> "ra",
           r1 |-> "",
           r2 |-> "",
           addr |-> "0x1" ],
     executed |-> TRUE,
     done |-> TRUE ],
   [ instr |->
         [ ind |-> 2,
           type |-> "IntAlu",
           r0 |-> "",
           r1 |-> "ra",
           r2 |-> "",
           addr |-> "0x2" ],
     executed |-> TRUE,
     done |-> TRUE ],
   [ instr |->
         [ ind |-> 3,
           type |-> "IntAlu",
           r0 |-> "rb",
           r1 |-> "",
           r2 |-> "",
           addr |-> "0x3" ],
     executed |-> TRUE,
     done |-> TRUE ],
   [ instr |->
         [ ind |-> 4,
           type |-> "MemWrite",
           r0 |-> "",
           r1 |-> "rb",
           r2 |-> "",
           addr |-> "0x4" ],
     executed |-> TRUE,
     done |-> FALSE ] >>
/\ _RS = <<{}, {}>>
/\ currCycle = 13
/\ exec_inst = 1
/\ robHead2 = 4
/\ pc = 4
/\ rob2 = << [ instr |->
         [ ind |-> 1,
           type |-> "MemRead",
           r0 |-> "ra",
           r1 |-> "",
           r2 |-> "",
           addr |-> "0x1" ],
     executed |-> TRUE,
     done |-> TRUE ],
   [ instr |->
         [ ind |-> 2,
           type |-> "IntAlu",
           r0 |-> "",
           r1 |-> "ra",
           r2 |-> "",
           addr |-> "0x2" ],
     executed |-> TRUE,
     done |-> TRUE ],
   [ instr |->
         [ ind |-> 3,
           type |-> "IntAlu",
           r0 |-> "rb",
           r1 |-> "",
           r2 |-> "",
           addr |-> "0x3" ],
     executed |-> TRUE,
     done |-> TRUE ],
   [ instr |->
         [ ind |-> 4,
           type |-> "MemWrite",
           r0 |-> "",
           r1 |-> "rb",
           r2 |-> "",
           addr |-> "0x4" ],
     executed |-> TRUE,
     done |-> FALSE ] >>
/\ _FU = << [ instr |->
         [ ind |-> 0,
           type |-> "No_OpClass",
           r0 |-> "",
           r1 |-> "",
           r2 |-> "",
           addr |-> "" ],
     baseLat |-> 1,
     currLat |-> 1 ],
   [ instr |->
         [ ind |-> 0,
           type |-> "No_OpClass",
           r0 |-> "",
           r1 |-> "",
           r2 |-> "",
           addr |-> "" ],
     baseLat |-> 1,
     currLat |-> 1 ] >>

@!@!@ENDMSG 2217 @!@!@
@!@!@STARTMSG 2200:0 @!@!@
Progress(15) at 2022-08-15 20:17:11: 27 states generated (473 s/min), 26 distinct states found (455 ds/min), 0 states left on queue.
@!@!@ENDMSG 2200 @!@!@
@!@!@STARTMSG 2199:0 @!@!@
27 states generated, 26 distinct states found, 0 states left on queue.
@!@!@ENDMSG 2199 @!@!@
@!@!@STARTMSG 2194:0 @!@!@
The depth of the complete state graph search is 15.
@!@!@ENDMSG 2194 @!@!@
@!@!@STARTMSG 2268:0 @!@!@
The average outdegree of the complete state graph is 1 (minimum is 0, the maximum 2 and the 95th percentile is 1).
@!@!@ENDMSG 2268 @!@!@
@!@!@STARTMSG 2186:0 @!@!@
Finished in 3434ms at (2022-08-15 20:17:11)
@!@!@ENDMSG 2186 @!@!@
