@!@!@STARTMSG 2262:0 @!@!@
TLC2 Version 2.16 of 31 December 2020 (rev: cdddf55)
@!@!@ENDMSG 2262 @!@!@
@!@!@STARTMSG 2187:0 @!@!@
Running breadth-first search Model-Checking with fp 5 and seed -8344939241423679644 with 4 workers on 4 cores with 2274MB heap and 5113MB offheap memory [pid: 9491] (Linux 5.4.0-109-generic amd64, AdoptOpenJDK 14.0.1 x86_64, OffHeapDiskFPSet, DiskStateQueue).
@!@!@ENDMSG 2187 @!@!@
@!@!@STARTMSG 2220:0 @!@!@
Starting SANY...
@!@!@ENDMSG 2220 @!@!@
Parsing file /home/benjaminbinder/Documents/timing-anomalies/tla/OoO/pipeline_ooo.toolbox/bench_isqrt/MC.tla
Parsing file /home/benjaminbinder/Documents/timing-anomalies/tla/OoO/pipeline_ooo.toolbox/bench_isqrt/pipeline_ooo.tla
Parsing file /usr/tla_toolbox/plugins/org.lamport.tlatools_1.0.0.202012311918/tla2sany/StandardModules/TLC.tla
Parsing file /usr/tla_toolbox/plugins/org.lamport.tlatools_1.0.0.202012311918/tla2sany/StandardModules/Sequences.tla
Parsing file /home/benjaminbinder/Documents/timing-anomalies/tla/OoO/pipeline_ooo.toolbox/bench_isqrt/instructions_ooo.tla
Parsing file /usr/tla_toolbox/plugins/org.lamport.tlatools_1.0.0.202012311918/tla2sany/StandardModules/Integers.tla
Parsing file /usr/tla_toolbox/plugins/org.lamport.tlatools_1.0.0.202012311918/tla2sany/StandardModules/FiniteSets.tla
Parsing file /home/benjaminbinder/Documents/timing-anomalies/tla/lib/TAExpl.tla
Parsing file /usr/tla_toolbox/plugins/org.lamport.tlatools_1.0.0.202012311918/tla2sany/StandardModules/Naturals.tla
Parsing file /home/benjaminbinder/Documents/timing-anomalies/tla/OoO/pipeline_ooo.toolbox/bench_isqrt/pipeline_exec_ooo.tla
Semantic processing of module Naturals
Semantic processing of module Sequences
Semantic processing of module Integers
Semantic processing of module FiniteSets
Semantic processing of module instructions_ooo
Semantic processing of module TLC
Semantic processing of module TAExpl
Semantic processing of module pipeline_exec_ooo
Semantic processing of module pipeline_ooo
Semantic processing of module MC
@!@!@STARTMSG 2219:0 @!@!@
SANY finished.
@!@!@ENDMSG 2219 @!@!@
@!@!@STARTMSG 2185:0 @!@!@
Starting... (2022-08-17 17:14:12)
@!@!@ENDMSG 2185 @!@!@
@!@!@STARTMSG 2168:0 @!@!@
Loading InitOutputFile operator override from file:/home/benjaminbinder/Documents/timing-anomalies/tla/lib/TAExpl.class with signature: <Java Method: public static tlc2.value.impl.Value TAExpl.InitOutputFile(tlc2.value.impl.Value,tlc2.value.impl.Value,tlc2.value.impl.Value,tlc2.value.impl.Value,tlc2.value.impl.Value,tlc2.value.impl.Value,tlc2.value.impl.Value) throws java.io.IOException,java.lang.InterruptedException>.
@!@!@ENDMSG 2168 @!@!@
@!@!@STARTMSG 2168:0 @!@!@
Loading HasTA operator override from file:/home/benjaminbinder/Documents/timing-anomalies/tla/lib/TAExpl.class with signature: <Java Method: public static tlc2.value.impl.Value TAExpl.HasTA(tlc2.value.impl.Value,tlc2.value.impl.Value,tlc2.value.impl.Value,tlc2.value.impl.BoolValue) throws java.io.IOException,java.lang.InterruptedException>.
@!@!@ENDMSG 2168 @!@!@
<<"$!@$!@$!@$!@$!", 100>>
@!@!@STARTMSG 2189:0 @!@!@
Computing initial states...
@!@!@ENDMSG 2189 @!@!@
@!@!@STARTMSG 2190:0 @!@!@
Finished computing initial states: 1 distinct state generated at 2022-08-17 17:14:14.
@!@!@ENDMSG 2190 @!@!@
@!@!@STARTMSG 2200:0 @!@!@
Progress(15) at 2022-08-17 17:14:17: 95 states generated (95 s/min), 95 distinct states found (95 ds/min), 8 states left on queue.
@!@!@ENDMSG 2200 @!@!@
@!@!@STARTMSG 2200:0 @!@!@
Progress(36) at 2022-08-17 17:15:17: 4 887 states generated (4 792 s/min), 4 887 distinct states found (4 792 ds/min), 1 136 states left on queue.
@!@!@ENDMSG 2200 @!@!@
@!@!@STARTMSG 2200:0 @!@!@
Progress(39) at 2022-08-17 17:16:17: 9 971 states generated (5 084 s/min), 9 971 distinct states found (5 084 ds/min), 2 729 states left on queue.
@!@!@ENDMSG 2200 @!@!@
@!@!@STARTMSG 2200:0 @!@!@
Progress(40) at 2022-08-17 17:17:17: 14 615 states generated (4 644 s/min), 14 615 distinct states found (4 644 ds/min), 3 694 states left on queue.
@!@!@ENDMSG 2200 @!@!@
@!@!@STARTMSG 2200:0 @!@!@
Progress(41) at 2022-08-17 17:18:17: 19 255 states generated (4 640 s/min), 19 255 distinct states found (4 640 ds/min), 4 821 states left on queue.
@!@!@ENDMSG 2200 @!@!@
@!@!@STARTMSG 2200:0 @!@!@
Progress(42) at 2022-08-17 17:19:17: 23 942 states generated (4 687 s/min), 23 942 distinct states found (4 687 ds/min), 6 140 states left on queue.
@!@!@ENDMSG 2200 @!@!@
@!@!@STARTMSG 2200:0 @!@!@
Progress(42) at 2022-08-17 17:20:17: 28 726 states generated (4 784 s/min), 28 726 distinct states found (4 784 ds/min), 7 737 states left on queue.
@!@!@ENDMSG 2200 @!@!@
@!@!@STARTMSG 2200:0 @!@!@
Progress(43) at 2022-08-17 17:21:17: 33 422 states generated (4 696 s/min), 33 422 distinct states found (4 696 ds/min), 9 308 states left on queue.
@!@!@ENDMSG 2200 @!@!@
@!@!@STARTMSG 2200:0 @!@!@
Progress(43) at 2022-08-17 17:22:17: 38 072 states generated (4 650 s/min), 38 072 distinct states found (4 650 ds/min), 10 886 states left on queue.
@!@!@ENDMSG 2200 @!@!@
@!@!@STARTMSG 2200:0 @!@!@
Progress(43) at 2022-08-17 17:23:17: 43 084 states generated (5 012 s/min), 43 084 distinct states found (5 012 ds/min), 12 435 states left on queue.
@!@!@ENDMSG 2200 @!@!@
@!@!@STARTMSG 2200:0 @!@!@
Progress(44) at 2022-08-17 17:24:17: 47 714 states generated (4 630 s/min), 47 714 distinct states found (4 630 ds/min), 13 926 states left on queue.
@!@!@ENDMSG 2200 @!@!@
@!@!@STARTMSG 2200:0 @!@!@
Progress(44) at 2022-08-17 17:25:17: 52 436 states generated (4 722 s/min), 52 436 distinct states found (4 722 ds/min), 15 416 states left on queue.
@!@!@ENDMSG 2200 @!@!@
@!@!@STARTMSG 2200:0 @!@!@
Progress(44) at 2022-08-17 17:26:17: 56 900 states generated (4 464 s/min), 56 900 distinct states found (4 464 ds/min), 16 740 states left on queue.
@!@!@ENDMSG 2200 @!@!@
@!@!@STARTMSG 2200:0 @!@!@
Progress(45) at 2022-08-17 17:27:17: 61 552 states generated (4 652 s/min), 61 552 distinct states found (4 652 ds/min), 18 113 states left on queue.
@!@!@ENDMSG 2200 @!@!@
@!@!@STARTMSG 2200:0 @!@!@
Progress(45) at 2022-08-17 17:28:17: 66 070 states generated (4 518 s/min), 66 070 distinct states found (4 518 ds/min), 19 478 states left on queue.
@!@!@ENDMSG 2200 @!@!@
@!@!@STARTMSG 2200:0 @!@!@
Progress(45) at 2022-08-17 17:29:17: 70 710 states generated (4 640 s/min), 70 710 distinct states found (4 640 ds/min), 20 902 states left on queue.
@!@!@ENDMSG 2200 @!@!@
@!@!@STARTMSG 2200:0 @!@!@
Progress(45) at 2022-08-17 17:30:17: 75 440 states generated (4 730 s/min), 75 440 distinct states found (4 730 ds/min), 22 374 states left on queue.
@!@!@ENDMSG 2200 @!@!@
@!@!@STARTMSG 2200:0 @!@!@
Progress(45) at 2022-08-17 17:31:17: 80 030 states generated (4 590 s/min), 80 029 distinct states found (4 589 ds/min), 23 597 states left on queue.
@!@!@ENDMSG 2200 @!@!@
@!@!@STARTMSG 2200:0 @!@!@
Progress(45) at 2022-08-17 17:32:17: 84 491 states generated (4 461 s/min), 84 491 distinct states found (4 462 ds/min), 24 915 states left on queue.
@!@!@ENDMSG 2200 @!@!@
@!@!@STARTMSG 2200:0 @!@!@
Progress(46) at 2022-08-17 17:33:17: 88 840 states generated (4 349 s/min), 88 840 distinct states found (4 349 ds/min), 26 257 states left on queue.
@!@!@ENDMSG 2200 @!@!@
@!@!@STARTMSG 2200:0 @!@!@
Progress(46) at 2022-08-17 17:34:17: 93 479 states generated (4 639 s/min), 93 479 distinct states found (4 639 ds/min), 27 601 states left on queue.
@!@!@ENDMSG 2200 @!@!@
@!@!@STARTMSG 2200:0 @!@!@
Progress(46) at 2022-08-17 17:35:17: 98 194 states generated (4 715 s/min), 98 194 distinct states found (4 715 ds/min), 29 047 states left on queue.
@!@!@ENDMSG 2200 @!@!@
@!@!@STARTMSG 2200:0 @!@!@
Progress(46) at 2022-08-17 17:36:17: 102 595 states generated (4 401 s/min), 102 595 distinct states found (4 401 ds/min), 30 396 states left on queue.
@!@!@ENDMSG 2200 @!@!@
@!@!@STARTMSG 2200:0 @!@!@
Progress(46) at 2022-08-17 17:37:17: 107 140 states generated (4 545 s/min), 107 140 distinct states found (4 545 ds/min), 31 808 states left on queue.
@!@!@ENDMSG 2200 @!@!@
@!@!@STARTMSG 2200:0 @!@!@
Progress(46) at 2022-08-17 17:38:17: 111 420 states generated (4 280 s/min), 111 420 distinct states found (4 280 ds/min), 32 976 states left on queue.
@!@!@ENDMSG 2200 @!@!@
@!@!@STARTMSG 2200:0 @!@!@
Progress(46) at 2022-08-17 17:39:17: 116 000 states generated (4 580 s/min), 116 000 distinct states found (4 580 ds/min), 34 297 states left on queue.
@!@!@ENDMSG 2200 @!@!@
@!@!@STARTMSG 2200:0 @!@!@
Progress(46) at 2022-08-17 17:40:17: 120 750 states generated (4 750 s/min), 120 750 distinct states found (4 750 ds/min), 35 834 states left on queue.
@!@!@ENDMSG 2200 @!@!@
@!@!@STARTMSG 2200:0 @!@!@
Progress(47) at 2022-08-17 17:41:17: 124 989 states generated (4 239 s/min), 124 989 distinct states found (4 239 ds/min), 37 126 states left on queue.
@!@!@ENDMSG 2200 @!@!@
@!@!@STARTMSG 2200:0 @!@!@
Progress(47) at 2022-08-17 17:42:17: 129 628 states generated (4 639 s/min), 129 628 distinct states found (4 639 ds/min), 38 492 states left on queue.
@!@!@ENDMSG 2200 @!@!@
@!@!@STARTMSG 2200:0 @!@!@
Progress(47) at 2022-08-17 17:43:17: 134 287 states generated (4 659 s/min), 134 287 distinct states found (4 659 ds/min), 39 942 states left on queue.
@!@!@ENDMSG 2200 @!@!@
@!@!@STARTMSG 2195:0 @!@!@
Checkpointing of run /home/benjaminbinder/Documents/timing-anomalies/tla/OoO/pipeline_ooo.toolbox/bench_isqrt/22-08-17-17-14-11
@!@!@ENDMSG 2195 @!@!@
@!@!@STARTMSG 2196:0 @!@!@
Checkpointing completed at (2022-08-17 17:44:17)
@!@!@ENDMSG 2196 @!@!@
@!@!@STARTMSG 2200:0 @!@!@
Progress(47) at 2022-08-17 17:44:17: 138 951 states generated (4 664 s/min), 138 951 distinct states found (4 664 ds/min), 41 329 states left on queue.
@!@!@ENDMSG 2200 @!@!@
@!@!@STARTMSG 2200:0 @!@!@
Progress(47) at 2022-08-17 17:45:17: 143 698 states generated (4 747 s/min), 143 698 distinct states found (4 747 ds/min), 42 811 states left on queue.
@!@!@ENDMSG 2200 @!@!@
@!@!@STARTMSG 2200:0 @!@!@
Progress(47) at 2022-08-17 17:46:17: 148 457 states generated (4 759 s/min), 148 457 distinct states found (4 759 ds/min), 44 138 states left on queue.
@!@!@ENDMSG 2200 @!@!@
@!@!@STARTMSG 2200:0 @!@!@
Progress(47) at 2022-08-17 17:47:17: 153 177 states generated (4 720 s/min), 153 177 distinct states found (4 720 ds/min), 45 615 states left on queue.
@!@!@ENDMSG 2200 @!@!@
@!@!@STARTMSG 2200:0 @!@!@
Progress(47) at 2022-08-17 17:48:17: 157 881 states generated (4 704 s/min), 157 881 distinct states found (4 704 ds/min), 46 863 states left on queue.
@!@!@ENDMSG 2200 @!@!@
@!@!@STARTMSG 2200:0 @!@!@
Progress(47) at 2022-08-17 17:49:17: 162 592 states generated (4 711 s/min), 162 592 distinct states found (4 711 ds/min), 48 250 states left on queue.
@!@!@ENDMSG 2200 @!@!@
@!@!@STARTMSG 2200:0 @!@!@
Progress(47) at 2022-08-17 17:50:17: 166 959 states generated (4 367 s/min), 166 959 distinct states found (4 367 ds/min), 49 541 states left on queue.
@!@!@ENDMSG 2200 @!@!@
@!@!@STARTMSG 2200:0 @!@!@
Progress(47) at 2022-08-17 17:51:17: 171 423 states generated (4 464 s/min), 171 423 distinct states found (4 464 ds/min), 50 902 states left on queue.
@!@!@ENDMSG 2200 @!@!@
@!@!@STARTMSG 2200:0 @!@!@
Progress(47) at 2022-08-17 17:52:17: 176 249 states generated (4 826 s/min), 176 249 distinct states found (4 826 ds/min), 52 322 states left on queue.
@!@!@ENDMSG 2200 @!@!@
@!@!@STARTMSG 2200:0 @!@!@
Progress(48) at 2022-08-17 17:53:17: 180 854 states generated (4 605 s/min), 180 854 distinct states found (4 605 ds/min), 53 256 states left on queue.
@!@!@ENDMSG 2200 @!@!@
@!@!@STARTMSG 2200:0 @!@!@
Progress(48) at 2022-08-17 17:54:17: 185 533 states generated (4 679 s/min), 185 533 distinct states found (4 679 ds/min), 54 612 states left on queue.
@!@!@ENDMSG 2200 @!@!@
@!@!@STARTMSG 2200:0 @!@!@
Progress(48) at 2022-08-17 17:55:17: 190 235 states generated (4 702 s/min), 190 235 distinct states found (4 702 ds/min), 56 094 states left on queue.
@!@!@ENDMSG 2200 @!@!@
@!@!@STARTMSG 2200:0 @!@!@
Progress(48) at 2022-08-17 17:56:17: 194 931 states generated (4 696 s/min), 194 931 distinct states found (4 696 ds/min), 57 407 states left on queue.
@!@!@ENDMSG 2200 @!@!@
@!@!@STARTMSG 2200:0 @!@!@
Progress(48) at 2022-08-17 17:57:17: 199 570 states generated (4 639 s/min), 199 570 distinct states found (4 639 ds/min), 58 475 states left on queue.
@!@!@ENDMSG 2200 @!@!@
@!@!@STARTMSG 2200:0 @!@!@
Progress(48) at 2022-08-17 17:58:17: 204 089 states generated (4 519 s/min), 204 089 distinct states found (4 519 ds/min), 59 364 states left on queue.
@!@!@ENDMSG 2200 @!@!@
@!@!@STARTMSG 2200:0 @!@!@
Progress(48) at 2022-08-17 17:59:17: 208 675 states generated (4 586 s/min), 208 675 distinct states found (4 586 ds/min), 60 359 states left on queue.
@!@!@ENDMSG 2200 @!@!@
@!@!@STARTMSG 2200:0 @!@!@
Progress(48) at 2022-08-17 18:00:17: 213 219 states generated (4 544 s/min), 213 219 distinct states found (4 544 ds/min), 60 950 states left on queue.
@!@!@ENDMSG 2200 @!@!@
@!@!@STARTMSG 2200:0 @!@!@
Progress(48) at 2022-08-17 18:01:18: 217 557 states generated (4 338 s/min), 217 557 distinct states found (4 338 ds/min), 61 456 states left on queue.
@!@!@ENDMSG 2200 @!@!@
@!@!@STARTMSG 2200:0 @!@!@
Progress(48) at 2022-08-17 18:02:18: 222 040 states generated (4 483 s/min), 222 040 distinct states found (4 483 ds/min), 62 341 states left on queue.
@!@!@ENDMSG 2200 @!@!@
@!@!@STARTMSG 2200:0 @!@!@
Progress(48) at 2022-08-17 18:03:18: 226 603 states generated (4 563 s/min), 226 603 distinct states found (4 563 ds/min), 63 398 states left on queue.
@!@!@ENDMSG 2200 @!@!@
@!@!@STARTMSG 2200:0 @!@!@
Progress(48) at 2022-08-17 18:04:18: 231 368 states generated (4 765 s/min), 231 368 distinct states found (4 765 ds/min), 64 720 states left on queue.
@!@!@ENDMSG 2200 @!@!@
@!@!@STARTMSG 2200:0 @!@!@
Progress(48) at 2022-08-17 18:05:18: 236 030 states generated (4 662 s/min), 236 030 distinct states found (4 662 ds/min), 66 085 states left on queue.
@!@!@ENDMSG 2200 @!@!@
@!@!@STARTMSG 2200:0 @!@!@
Progress(48) at 2022-08-17 18:06:18: 240 496 states generated (4 466 s/min), 240 496 distinct states found (4 466 ds/min), 67 104 states left on queue.
@!@!@ENDMSG 2200 @!@!@
@!@!@STARTMSG 2200:0 @!@!@
Progress(49) at 2022-08-17 18:07:18: 244 948 states generated (4 452 s/min), 244 948 distinct states found (4 452 ds/min), 68 092 states left on queue.
@!@!@ENDMSG 2200 @!@!@
@!@!@STARTMSG 2200:0 @!@!@
Progress(49) at 2022-08-17 18:08:18: 249 433 states generated (4 485 s/min), 249 433 distinct states found (4 485 ds/min), 68 956 states left on queue.
@!@!@ENDMSG 2200 @!@!@
@!@!@STARTMSG 2200:0 @!@!@
Progress(49) at 2022-08-17 18:09:18: 253 942 states generated (4 509 s/min), 253 942 distinct states found (4 509 ds/min), 70 004 states left on queue.
@!@!@ENDMSG 2200 @!@!@
