@!@!@STARTMSG 2262:0 @!@!@
TLC2 Version 2.20 of Day Month 20?? (rev: bacd9d2)
@!@!@ENDMSG 2262 @!@!@
@!@!@STARTMSG 2187:0 @!@!@
Running breadth-first search Model-Checking with fp 82 and seed -514936705887862363 with 1 worker on 8 cores with 5298MB heap and 64MB offheap memory [pid: 578910] (Linux 6.11.0-19-generic amd64, Ubuntu 21.0.6 x86_64, MSBDiskFPSet, DiskStateQueue).
@!@!@ENDMSG 2187 @!@!@
@!@!@STARTMSG 2220:0 @!@!@
Starting SANY...
@!@!@ENDMSG 2220 @!@!@
Parsing file /home/stariktenger/Internship2025/ta-models/benches/background_same_inst/MC.tla
Parsing file /home/stariktenger/Internship2025/ta-models/benches/background_same_inst/pipeline_ooo.tla
Parsing file /tmp/tlc-17172373257437407428/TLC.tla (jar:file:/home/stariktenger/.vscode/extensions/tlaplus.vscode-ide-2025.3.80550/tools/tla2tools.jar!/tla2sany/StandardModules/TLC.tla)
Parsing file /tmp/tlc-17172373257437407428/Sequences.tla (jar:file:/home/stariktenger/.vscode/extensions/tlaplus.vscode-ide-2025.3.80550/tools/tla2tools.jar!/tla2sany/StandardModules/Sequences.tla)
Parsing file /home/stariktenger/Internship2025/ta-models/benches/background_same_inst/instructions_ooo.tla
Parsing file /tmp/tlc-17172373257437407428/Integers.tla (jar:file:/home/stariktenger/.vscode/extensions/tlaplus.vscode-ide-2025.3.80550/tools/tla2tools.jar!/tla2sany/StandardModules/Integers.tla)
Parsing file /tmp/tlc-17172373257437407428/FiniteSets.tla (jar:file:/home/stariktenger/.vscode/extensions/tlaplus.vscode-ide-2025.3.80550/tools/tla2tools.jar!/tla2sany/StandardModules/FiniteSets.tla)
Parsing file /home/stariktenger/Internship2025/ta-models/benches/background_same_inst/TAExpl.tla
Parsing file /tmp/tlc-17172373257437407428/Naturals.tla (jar:file:/home/stariktenger/.vscode/extensions/tlaplus.vscode-ide-2025.3.80550/tools/tla2tools.jar!/tla2sany/StandardModules/Naturals.tla)
Parsing file /home/stariktenger/Internship2025/ta-models/benches/background_same_inst/pipeline_exec_ooo.tla
Semantic processing of module Naturals
Semantic processing of module Sequences
Semantic processing of module Integers
Semantic processing of module FiniteSets
Semantic processing of module instructions_ooo
Semantic processing of module TLC
Semantic processing of module TAExpl
Semantic processing of module pipeline_exec_ooo
Semantic processing of module pipeline_ooo
Semantic processing of module MC
Semantic errors:

*** Errors: 6

line 52, col 3 to line 52, col 10 of module MC

Unknown operator: `ProgDone'.


line 52, col 24 to line 52, col 28 of module MC

Unknown operator: `FULat'.


line 52, col 40 to line 52, col 45 of module MC

Unknown operator: `FULat2'.


line 52, col 57 to line 52, col 61 of module MC

Unknown operator: `iMiss'.


line 52, col 70 to line 52, col 75 of module MC

Unknown operator: `iMiss2'.


line 52, col 84 to line 52, col 90 of module MC

Unknown operator: `NoTALoc'.



@!@!@STARTMSG 2219:0 @!@!@
SANY finished.
@!@!@ENDMSG 2219 @!@!@
@!@!@STARTMSG 2185:0 @!@!@
Starting... (2025-03-14 16:03:45)
@!@!@ENDMSG 2185 @!@!@
@!@!@STARTMSG 3002:1 @!@!@
Parsing or semantic analysis failed.
@!@!@ENDMSG 3002 @!@!@
@!@!@STARTMSG 2186:0 @!@!@
Finished in 647ms at (2025-03-14 16:03:45)
@!@!@ENDMSG 2186 @!@!@
