@!@!@STARTMSG 2262:0 @!@!@
TLC2 Version 2.16 of 31 December 2020 (rev: cdddf55)
@!@!@ENDMSG 2262 @!@!@
@!@!@STARTMSG 2187:0 @!@!@
Running breadth-first search Model-Checking with fp 96 and seed 8451655004441371557 with 4 workers on 4 cores with 2274MB heap and 5113MB offheap memory [pid: 9929] (Linux 5.4.0-109-generic amd64, AdoptOpenJDK 14.0.1 x86_64, OffHeapDiskFPSet, DiskStateQueue).
@!@!@ENDMSG 2187 @!@!@
@!@!@STARTMSG 2220:0 @!@!@
Starting SANY...
@!@!@ENDMSG 2220 @!@!@
Parsing file /home/benjaminbinder/Documents/timing-anomalies/tla/OoO/pipeline_ooo.toolbox/bench_cosf/MC.tla
Parsing file /home/benjaminbinder/Documents/timing-anomalies/tla/OoO/pipeline_ooo.toolbox/bench_cosf/pipeline_ooo.tla
Parsing file /usr/tla_toolbox/plugins/org.lamport.tlatools_1.0.0.202012311918/tla2sany/StandardModules/TLC.tla
Parsing file /usr/tla_toolbox/plugins/org.lamport.tlatools_1.0.0.202012311918/tla2sany/StandardModules/Sequences.tla
Parsing file /home/benjaminbinder/Documents/timing-anomalies/tla/OoO/pipeline_ooo.toolbox/bench_cosf/instructions_ooo.tla
Parsing file /usr/tla_toolbox/plugins/org.lamport.tlatools_1.0.0.202012311918/tla2sany/StandardModules/Integers.tla
Parsing file /usr/tla_toolbox/plugins/org.lamport.tlatools_1.0.0.202012311918/tla2sany/StandardModules/FiniteSets.tla
Parsing file /home/benjaminbinder/Documents/timing-anomalies/tla/lib/TAExpl.tla
Parsing file /usr/tla_toolbox/plugins/org.lamport.tlatools_1.0.0.202012311918/tla2sany/StandardModules/Naturals.tla
Parsing file /home/benjaminbinder/Documents/timing-anomalies/tla/OoO/pipeline_ooo.toolbox/bench_cosf/pipeline_exec_ooo.tla
Semantic processing of module Naturals
Semantic processing of module Sequences
Semantic processing of module Integers
Semantic processing of module FiniteSets
Semantic processing of module instructions_ooo
Semantic processing of module TLC
Semantic processing of module TAExpl
Semantic processing of module pipeline_exec_ooo
Semantic processing of module pipeline_ooo
Semantic processing of module MC
@!@!@STARTMSG 2219:0 @!@!@
SANY finished.
@!@!@ENDMSG 2219 @!@!@
@!@!@STARTMSG 2185:0 @!@!@
Starting... (2022-08-17 18:10:35)
@!@!@ENDMSG 2185 @!@!@
@!@!@STARTMSG 2168:0 @!@!@
Loading InitOutputFile operator override from file:/home/benjaminbinder/Documents/timing-anomalies/tla/lib/TAExpl.class with signature: <Java Method: public static tlc2.value.impl.Value TAExpl.InitOutputFile(tlc2.value.impl.Value,tlc2.value.impl.Value,tlc2.value.impl.Value,tlc2.value.impl.Value,tlc2.value.impl.Value,tlc2.value.impl.Value,tlc2.value.impl.Value) throws java.io.IOException,java.lang.InterruptedException>.
@!@!@ENDMSG 2168 @!@!@
@!@!@STARTMSG 2168:0 @!@!@
Loading HasTA operator override from file:/home/benjaminbinder/Documents/timing-anomalies/tla/lib/TAExpl.class with signature: <Java Method: public static tlc2.value.impl.Value TAExpl.HasTA(tlc2.value.impl.Value,tlc2.value.impl.Value,tlc2.value.impl.Value,tlc2.value.impl.BoolValue) throws java.io.IOException,java.lang.InterruptedException>.
@!@!@ENDMSG 2168 @!@!@
<<"$!@$!@$!@$!@$!", 30>>
@!@!@STARTMSG 2189:0 @!@!@
Computing initial states...
@!@!@ENDMSG 2189 @!@!@
@!@!@STARTMSG 2190:0 @!@!@
Finished computing initial states: 1 distinct state generated at 2022-08-17 18:10:36.
@!@!@ENDMSG 2190 @!@!@
@!@!@STARTMSG 2200:0 @!@!@
Progress(28) at 2022-08-17 18:10:39: 749 states generated (749 s/min), 748 distinct states found (748 ds/min), 137 states left on queue.
@!@!@ENDMSG 2200 @!@!@
@!@!@STARTMSG 2200:0 @!@!@
Progress(42) at 2022-08-17 18:11:39: 15 851 states generated (15 102 s/min), 15 777 distinct states found (15 029 ds/min), 2 610 states left on queue.
@!@!@ENDMSG 2200 @!@!@
@!@!@STARTMSG 2200:0 @!@!@
Progress(44) at 2022-08-17 18:12:39: 20 421 states generated (4 570 s/min), 19 985 distinct states found (4 208 ds/min), 2 248 states left on queue.
@!@!@ENDMSG 2200 @!@!@
@!@!@STARTMSG 2200:0 @!@!@
Progress(51) at 2022-08-17 18:13:39: 42 880 states generated (22 459 s/min), 42 242 distinct states found (22 257 ds/min), 5 001 states left on queue.
@!@!@ENDMSG 2200 @!@!@
@!@!@STARTMSG 2200:0 @!@!@
Progress(51) at 2022-08-17 18:14:39: 44 772 states generated (1 892 s/min), 44 030 distinct states found (1 788 ds/min), 4 897 states left on queue.
@!@!@ENDMSG 2200 @!@!@
@!@!@STARTMSG 2200:0 @!@!@
Progress(51) at 2022-08-17 18:15:39: 46 399 states generated (1 627 s/min), 45 601 distinct states found (1 571 ds/min), 4 841 states left on queue.
@!@!@ENDMSG 2200 @!@!@
@!@!@STARTMSG 2200:0 @!@!@
Progress(52) at 2022-08-17 18:16:39: 51 010 states generated (4 611 s/min), 49 502 distinct states found (3 901 ds/min), 4 131 states left on queue.
@!@!@ENDMSG 2200 @!@!@
@!@!@STARTMSG 2200:0 @!@!@
Progress(53) at 2022-08-17 18:17:39: 52 713 states generated (1 703 s/min), 50 965 distinct states found (1 463 ds/min), 3 891 states left on queue.
@!@!@ENDMSG 2200 @!@!@
@!@!@STARTMSG 2200:0 @!@!@
Progress(55) at 2022-08-17 18:18:39: 59 866 states generated (7 153 s/min), 57 177 distinct states found (6 212 ds/min), 2 952 states left on queue.
@!@!@ENDMSG 2200 @!@!@
@!@!@STARTMSG 2200:0 @!@!@
Progress(60) at 2022-08-17 18:19:39: 79 403 states generated (19 537 s/min), 76 715 distinct states found (19 538 ds/min), 4 868 states left on queue.
@!@!@ENDMSG 2200 @!@!@
@!@!@STARTMSG 2200:0 @!@!@
Progress(60) at 2022-08-17 18:20:39: 81 708 states generated (2 305 s/min), 78 870 distinct states found (2 155 ds/min), 4 718 states left on queue.
@!@!@ENDMSG 2200 @!@!@
@!@!@STARTMSG 2200:0 @!@!@
Progress(60) at 2022-08-17 18:21:39: 82 670 states generated (962 s/min), 79 733 distinct states found (863 ds/min), 4 619 states left on queue.
@!@!@ENDMSG 2200 @!@!@
@!@!@STARTMSG 2200:0 @!@!@
Progress(61) at 2022-08-17 18:22:39: 84 341 states generated (1 671 s/min), 81 349 distinct states found (1 616 ds/min), 4 564 states left on queue.
@!@!@ENDMSG 2200 @!@!@
@!@!@STARTMSG 2200:0 @!@!@
Progress(62) at 2022-08-17 18:23:39: 87 896 states generated (3 555 s/min), 83 975 distinct states found (2 626 ds/min), 3 635 states left on queue.
@!@!@ENDMSG 2200 @!@!@
@!@!@STARTMSG 2200:0 @!@!@
Progress(62) at 2022-08-17 18:24:39: 88 909 states generated (1 013 s/min), 84 798 distinct states found (823 ds/min), 3 445 states left on queue.
@!@!@ENDMSG 2200 @!@!@
@!@!@STARTMSG 2200:0 @!@!@
Progress(62) at 2022-08-17 18:25:39: 89 613 states generated (704 s/min), 85 470 distinct states found (672 ds/min), 3 413 states left on queue.
@!@!@ENDMSG 2200 @!@!@
@!@!@STARTMSG 2200:0 @!@!@
Progress(63) at 2022-08-17 18:26:39: 91 909 states generated (2 296 s/min), 87 230 distinct states found (1 760 ds/min), 2 877 states left on queue.
@!@!@ENDMSG 2200 @!@!@
@!@!@STARTMSG 2200:0 @!@!@
Progress(69) at 2022-08-17 18:27:39: 107 150 states generated (15 241 s/min), 101 427 distinct states found (14 197 ds/min), 2 401 states left on queue.
@!@!@ENDMSG 2200 @!@!@
@!@!@STARTMSG 2200:0 @!@!@
Progress(69) at 2022-08-17 18:28:39: 107 903 states generated (753 s/min), 102 102 distinct states found (675 ds/min), 2 323 states left on queue.
@!@!@ENDMSG 2200 @!@!@
@!@!@STARTMSG 2200:0 @!@!@
Progress(70) at 2022-08-17 18:29:39: 110 360 states generated (2 457 s/min), 103 985 distinct states found (1 883 ds/min), 1 749 states left on queue.
@!@!@ENDMSG 2200 @!@!@
@!@!@STARTMSG 2200:0 @!@!@
Progress(71) at 2022-08-17 18:30:39: 111 025 states generated (665 s/min), 104 515 distinct states found (530 ds/min), 1 614 states left on queue.
@!@!@ENDMSG 2200 @!@!@
@!@!@STARTMSG 2200:0 @!@!@
Progress(71) at 2022-08-17 18:31:39: 111 624 states generated (599 s/min), 105 112 distinct states found (597 ds/min), 1 612 states left on queue.
@!@!@ENDMSG 2200 @!@!@
@!@!@STARTMSG 2200:0 @!@!@
Progress(78) at 2022-08-17 18:32:39: 117 802 states generated (6 178 s/min), 109 989 distinct states found (4 877 ds/min), 375 states left on queue.
@!@!@ENDMSG 2200 @!@!@
@!@!@STARTMSG 2193:0 @!@!@
Model checking completed. No error has been found.
  Estimates of the probability that TLC did not check all reachable states
  because two distinct states had the same fingerprint:
  calculated (optimistic):  val = 4.9E-11
@!@!@ENDMSG 2193 @!@!@
@!@!@STARTMSG 2200:0 @!@!@
Progress(86) at 2022-08-17 18:33:25: 118 991 states generated (5 205 s/min), 110 799 distinct states found (4 847 ds/min), 0 states left on queue.
@!@!@ENDMSG 2200 @!@!@
@!@!@STARTMSG 2199:0 @!@!@
118991 states generated, 110799 distinct states found, 0 states left on queue.
@!@!@ENDMSG 2199 @!@!@
@!@!@STARTMSG 2194:0 @!@!@
The depth of the complete state graph search is 86.
@!@!@ENDMSG 2194 @!@!@
@!@!@STARTMSG 2268:0 @!@!@
The average outdegree of the complete state graph is 1 (minimum is 0, the maximum 4 and the 95th percentile is 2).
@!@!@ENDMSG 2268 @!@!@
@!@!@STARTMSG 2186:0 @!@!@
Finished in 1371441ms at (2022-08-17 18:33:25)
@!@!@ENDMSG 2186 @!@!@
