@!@!@STARTMSG 2262:0 @!@!@
TLC2 Version 2.16 of 31 December 2020 (rev: cdddf55)
@!@!@ENDMSG 2262 @!@!@
@!@!@STARTMSG 2187:0 @!@!@
Running breadth-first search Model-Checking with fp 20 and seed -6382946540009586812 with 4 workers on 8 cores with 2380MB heap and 5351MB offheap memory [pid: 6858] (Mac OS X 10.16 x86_64, AdoptOpenJDK 14.0.1 x86_64, OffHeapDiskFPSet, DiskStateQueue).
@!@!@ENDMSG 2187 @!@!@
@!@!@STARTMSG 2220:0 @!@!@
Starting SANY...
@!@!@ENDMSG 2220 @!@!@
Parsing file /Users/benjaminbinder/Desktop/These/timing-anomalies/tla/OoO/detection_procedure/pipeline_ooo.toolbox/bench/MC.tla
Parsing file /Users/benjaminbinder/Desktop/These/timing-anomalies/tla/OoO/detection_procedure/pipeline_ooo.toolbox/bench/pipeline_ooo.tla
Parsing file /Applications/TLA+ Toolbox.app/Contents/Eclipse/plugins/org.lamport.tlatools_1.0.0.202012311918/tla2sany/StandardModules/TLC.tla
Parsing file /Applications/TLA+ Toolbox.app/Contents/Eclipse/plugins/org.lamport.tlatools_1.0.0.202012311918/tla2sany/StandardModules/Sequences.tla
Parsing file /Users/benjaminbinder/Desktop/These/timing-anomalies/tla/OoO/detection_procedure/pipeline_ooo.toolbox/bench/instructions_ooo.tla
Parsing file /Applications/TLA+ Toolbox.app/Contents/Eclipse/plugins/org.lamport.tlatools_1.0.0.202012311918/tla2sany/StandardModules/Integers.tla
Parsing file /Applications/TLA+ Toolbox.app/Contents/Eclipse/plugins/org.lamport.tlatools_1.0.0.202012311918/tla2sany/StandardModules/FiniteSets.tla
Parsing file /Users/benjaminbinder/Desktop/These/timing-anomalies/tla/OoO/detection_procedure/lib/TAExpl.tla
Parsing file /Applications/TLA+ Toolbox.app/Contents/Eclipse/plugins/org.lamport.tlatools_1.0.0.202012311918/tla2sany/StandardModules/Naturals.tla
Parsing file /Users/benjaminbinder/Desktop/These/timing-anomalies/tla/OoO/detection_procedure/pipeline_ooo.toolbox/bench/pipeline_exec_ooo.tla
Semantic processing of module Naturals
Semantic processing of module Sequences
Semantic processing of module Integers
Semantic processing of module FiniteSets
Semantic processing of module instructions_ooo
Semantic processing of module TLC
Semantic processing of module TAExpl
Semantic processing of module pipeline_exec_ooo
Semantic processing of module pipeline_ooo
Semantic processing of module MC
@!@!@STARTMSG 2219:0 @!@!@
SANY finished.
@!@!@ENDMSG 2219 @!@!@
@!@!@STARTMSG 2185:0 @!@!@
Starting... (2023-01-19 17:01:08)
@!@!@ENDMSG 2185 @!@!@
@!@!@STARTMSG 2168:0 @!@!@
Loading InitOutputFile operator override from file:/Users/benjaminbinder/Desktop/These/timing-anomalies/tla/OoO/detection_procedure/lib/TAExpl.class with signature: <Java Method: public static tlc2.value.impl.Value TAExpl.InitOutputFile(tlc2.value.impl.Value,tlc2.value.impl.Value,tlc2.value.impl.Value,tlc2.value.impl.Value,tlc2.value.impl.Value,tlc2.value.impl.Value,tlc2.value.impl.Value) throws java.io.IOException,java.lang.InterruptedException>.
@!@!@ENDMSG 2168 @!@!@
@!@!@STARTMSG 2168:0 @!@!@
Loading HasTA operator override from file:/Users/benjaminbinder/Desktop/These/timing-anomalies/tla/OoO/detection_procedure/lib/TAExpl.class with signature: <Java Method: public static tlc2.value.impl.Value TAExpl.HasTA(tlc2.value.impl.Value,tlc2.value.impl.Value,tlc2.value.impl.Value,tlc2.value.impl.BoolValue) throws java.io.IOException,java.lang.InterruptedException>.
@!@!@ENDMSG 2168 @!@!@
@!@!@STARTMSG 2105:1 @!@!@
Evaluating assumption line 7, col 8 to line 7, col 79 of module pipeline_ooo failed.
@!@!@STARTMSG 2154:0 @!@!@
Attempted to apply the operator overridden by the Java method
public static tlc2.value.impl.Value TAExpl.InitOutputFile(tlc2.value.impl.Value,tlc2.value.impl.Value,tlc2.value.impl.Value,tlc2.value.impl.Value,tlc2.value.impl.Value,tlc2.value.impl.Value,tlc2.value.impl.Value) throws java.io.IOException,java.lang.InterruptedException,
but it produced the following error:
/home/benjaminbinder/Documents/timing-anomalies/tla/OoO/tlc_graphs/test.txt (No such file or directory)
@!@!@ENDMSG 2154 @!@!@
@!@!@ENDMSG 2105 @!@!@
@!@!@STARTMSG 2186:0 @!@!@
Finished in 2863ms at (2023-01-19 17:01:10)
@!@!@ENDMSG 2186 @!@!@
